Component: ARM Compiler 5.06 update 5 (build 528) Tool: armlink [4d35e2]

==============================================================================

Section Cross References

    startup_stm32f10x_md.o(STACK) refers (Special) to heapauxi.o(.text) for __use_two_region_memory
    startup_stm32f10x_md.o(HEAP) refers (Special) to heapauxi.o(.text) for __use_two_region_memory
    startup_stm32f10x_md.o(RESET) refers (Special) to heapauxi.o(.text) for __use_two_region_memory
    startup_stm32f10x_md.o(RESET) refers to startup_stm32f10x_md.o(STACK) for __initial_sp
    startup_stm32f10x_md.o(RESET) refers to startup_stm32f10x_md.o(.text) for Reset_Handler
    startup_stm32f10x_md.o(RESET) refers to stm32f10x_it.o(i.NMI_Handler) for NMI_Handler
    startup_stm32f10x_md.o(RESET) refers to stm32f10x_it.o(i.HardFault_Handler) for HardFault_Handler
    startup_stm32f10x_md.o(RESET) refers to stm32f10x_it.o(i.MemManage_Handler) for MemManage_Handler
    startup_stm32f10x_md.o(RESET) refers to stm32f10x_it.o(i.BusFault_Handler) for BusFault_Handler
    startup_stm32f10x_md.o(RESET) refers to stm32f10x_it.o(i.UsageFault_Handler) for UsageFault_Handler
    startup_stm32f10x_md.o(RESET) refers to stm32f10x_it.o(i.SVC_Handler) for SVC_Handler
    startup_stm32f10x_md.o(RESET) refers to stm32f10x_it.o(i.DebugMon_Handler) for DebugMon_Handler
    startup_stm32f10x_md.o(RESET) refers to stm32f10x_it.o(i.PendSV_Handler) for PendSV_Handler
    startup_stm32f10x_md.o(RESET) refers to stm32f10x_it.o(i.SysTick_Handler) for SysTick_Handler
    startup_stm32f10x_md.o(RESET) refers to main.o(i.TIM2_IRQHandler) for TIM2_IRQHandler
    startup_stm32f10x_md.o(RESET) refers to main.o(i.USART1_IRQHandler) for USART1_IRQHandler
    startup_stm32f10x_md.o(.text) refers (Special) to heapauxi.o(.text) for __use_two_region_memory
    startup_stm32f10x_md.o(.text) refers to system_stm32f10x.o(i.SystemInit) for SystemInit
    startup_stm32f10x_md.o(.text) refers to __main.o(!!!main) for __main
    startup_stm32f10x_md.o(.text) refers to startup_stm32f10x_md.o(HEAP) for Heap_Mem
    startup_stm32f10x_md.o(.text) refers to startup_stm32f10x_md.o(STACK) for Stack_Mem
    system_stm32f10x.o(i.SetSysClock) refers to system_stm32f10x.o(i.SetSysClockTo72) for SetSysClockTo72
    system_stm32f10x.o(i.SystemCoreClockUpdate) refers to system_stm32f10x.o(.data) for SystemCoreClock
    system_stm32f10x.o(i.SystemInit) refers to system_stm32f10x.o(i.SetSysClock) for SetSysClock
    stm32f10x_adc.o(i.ADC_DeInit) refers to stm32f10x_rcc.o(i.RCC_APB2PeriphResetCmd) for RCC_APB2PeriphResetCmd
    stm32f10x_bkp.o(i.BKP_DeInit) refers to stm32f10x_rcc.o(i.RCC_BackupResetCmd) for RCC_BackupResetCmd
    stm32f10x_can.o(i.CAN_DeInit) refers to stm32f10x_rcc.o(i.RCC_APB1PeriphResetCmd) for RCC_APB1PeriphResetCmd
    stm32f10x_can.o(i.CAN_GetITStatus) refers to stm32f10x_can.o(i.CheckITStatus) for CheckITStatus
    stm32f10x_cec.o(i.CEC_DeInit) refers to stm32f10x_rcc.o(i.RCC_APB1PeriphResetCmd) for RCC_APB1PeriphResetCmd
    stm32f10x_dac.o(i.DAC_DeInit) refers to stm32f10x_rcc.o(i.RCC_APB1PeriphResetCmd) for RCC_APB1PeriphResetCmd
    stm32f10x_flash.o(i.FLASH_EnableWriteProtection) refers to stm32f10x_flash.o(i.FLASH_WaitForLastOperation) for FLASH_WaitForLastOperation
    stm32f10x_flash.o(i.FLASH_EraseAllBank1Pages) refers to stm32f10x_flash.o(i.FLASH_WaitForLastBank1Operation) for FLASH_WaitForLastBank1Operation
    stm32f10x_flash.o(i.FLASH_EraseAllPages) refers to stm32f10x_flash.o(i.FLASH_WaitForLastOperation) for FLASH_WaitForLastOperation
    stm32f10x_flash.o(i.FLASH_EraseOptionBytes) refers to stm32f10x_flash.o(i.FLASH_GetReadOutProtectionStatus) for FLASH_GetReadOutProtectionStatus
    stm32f10x_flash.o(i.FLASH_EraseOptionBytes) refers to stm32f10x_flash.o(i.FLASH_WaitForLastOperation) for FLASH_WaitForLastOperation
    stm32f10x_flash.o(i.FLASH_ErasePage) refers to stm32f10x_flash.o(i.FLASH_WaitForLastOperation) for FLASH_WaitForLastOperation
    stm32f10x_flash.o(i.FLASH_ProgramHalfWord) refers to stm32f10x_flash.o(i.FLASH_WaitForLastOperation) for FLASH_WaitForLastOperation
    stm32f10x_flash.o(i.FLASH_ProgramOptionByteData) refers to stm32f10x_flash.o(i.FLASH_WaitForLastOperation) for FLASH_WaitForLastOperation
    stm32f10x_flash.o(i.FLASH_ProgramWord) refers to stm32f10x_flash.o(i.FLASH_WaitForLastOperation) for FLASH_WaitForLastOperation
    stm32f10x_flash.o(i.FLASH_ReadOutProtection) refers to stm32f10x_flash.o(i.FLASH_WaitForLastOperation) for FLASH_WaitForLastOperation
    stm32f10x_flash.o(i.FLASH_UserOptionByteConfig) refers to stm32f10x_flash.o(i.FLASH_WaitForLastOperation) for FLASH_WaitForLastOperation
    stm32f10x_flash.o(i.FLASH_WaitForLastBank1Operation) refers to stm32f10x_flash.o(i.FLASH_GetBank1Status) for FLASH_GetBank1Status
    stm32f10x_flash.o(i.FLASH_WaitForLastOperation) refers to stm32f10x_flash.o(i.FLASH_GetBank1Status) for FLASH_GetBank1Status
[...]
    ../clib/angel/rt.s                       0x00000000   Number         0  rt_locale_intlibspace.o ABSOLUTE
    ../clib/angel/rt.s                       0x00000000   Number         0  rt_ctype_table.o ABSOLUTE
    ../clib/angel/rt.s                       0x00000000   Number         0  rt_locale.o ABSOLUTE
    ../clib/angel/rt.s                       0x00000000   Number         0  rt_raise.o ABSOLUTE
    ../clib/angel/scatter.s                  0x00000000   Number         0  __scatter.o ABSOLUTE
    ../clib/angel/startup.s                  0x00000000   Number         0  __main.o ABSOLUTE
    ../clib/angel/sys.s                      0x00000000   Number         0  indicate_semi.o ABSOLUTE
    ../clib/angel/sys.s                      0x00000000   Number         0  libspace.o ABSOLUTE
    ../clib/angel/sys.s                      0x00000000   Number         0  sys_stackheap_outer.o ABSOLUTE
    ../clib/angel/sys.s                      0x00000000   Number         0  use_no_semi.o ABSOLUTE
    ../clib/angel/sysapp.c                   0x00000000   Number         0  sys_exit.o ABSOLUTE
    ../clib/angel/sysapp.c                   0x00000000   Number         0  sys_wrch.o ABSOLUTE
    ../clib/angel/sysapp.c                   0x00000000   Number         0  sys_command.o ABSOLUTE
    ../clib/armsys.c                         0x00000000   Number         0  argv_veneer.o ABSOLUTE
    ../clib/armsys.c                         0x00000000   Number         0  no_argv.o ABSOLUTE
    ../clib/armsys.c                         0x00000000   Number         0  argv_veneer.o ABSOLUTE
    ../clib/armsys.c                         0x00000000   Number         0  _get_argv_nomalloc.o ABSOLUTE
    ../clib/bigflt.c                         0x00000000   Number         0  bigflt0.o ABSOLUTE
    ../clib/btod.s                           0x00000000   Number         0  btod.o ABSOLUTE
    ../clib/fenv.c                           0x00000000   Number         0  _rserrno.o ABSOLUTE
    ../clib/heapalloc.c                      0x00000000   Number         0  hrguard.o ABSOLUTE
    ../clib/heapaux.c                        0x00000000   Number         0  heapauxi.o ABSOLUTE
    ../clib/libinit.s                        0x00000000   Number         0  libshutdown.o ABSOLUTE
    ../clib/libinit.s                        0x00000000   Number         0  libshutdown2.o ABSOLUTE
    ../clib/libinit.s                        0x00000000   Number         0  libinit.o ABSOLUTE
    ../clib/libinit.s                        0x00000000   Number         0  libinit2.o ABSOLUTE
    ../clib/locale.c                         0x00000000   Number         0  _wcrtomb.o ABSOLUTE
    ../clib/locale.s                         0x00000000   Number         0  lc_ctype_c.o ABSOLUTE
    ../clib/locale.s                         0x00000000   Number         0  lc_numeric_c.o ABSOLUTE
    ../clib/longlong.s                       0x00000000   Number         0  lludiv10.o ABSOLUTE
    ../clib/memcpset.s                       0x00000000   Number         0  strcmpv7m.o ABSOLUTE
    ../clib/misc.s                           0x00000000   Number         0  printf_stubs.o ABSOLUTE
    ../clib/printf.c                         0x00000000   Number         0  _printf_pad.o ABSOLUTE
    ../clib/printf.c                         0x00000000   Number         0  _printf_intcommon.o ABSOLUTE
    ../clib/printf.c                         0x00000000   Number         0  __printf_flags_ss_wp.o ABSOLUTE
    ../clib/printf.c                         0x00000000   Number         0  __printf_ss_wp.o ABSOLUTE
    ../clib/printf.c                         0x00000000   Number         0  _printf_fp_infnan.o ABSOLUTE
    ../clib/printf.c                         0x00000000   Number         0  vsprintf.o ABSOLUTE
    ../clib/printf.c                         0x00000000   Number         0  _printf_wchar.o ABSOLUTE
    ../clib/printf.c                         0x00000000   Number         0  _printf_char.o ABSOLUTE
    ../clib/printf.c                         0x00000000   Number         0  __printf_nopercent.o ABSOLUTE
    ../clib/printf.c                         0x00000000   Number         0  _printf_hex_int_ptr.o ABSOLUTE
    ../clib/printf.c                         0x00000000   Number         0  _printf_fp_hex.o ABSOLUTE
    ../clib/printf.c                         0x00000000   Number         0  _printf_fp_dec.o ABSOLUTE
    ../clib/printf.c                         0x00000000   Number         0  __printf_wp.o ABSOLUTE
    ../clib/printf.c                         0x00000000   Number         0  __printf_flags_ss.o ABSOLUTE
    ../clib/printf.c                         0x00000000   Number         0  __printf_ss.o ABSOLUTE
    ../clib/printf.c                         0x00000000   Number         0  __printf_flags.o ABSOLUTE
    ../clib/printf.c                         0x00000000   Number         0  _printf_hex_ptr.o ABSOLUTE
    ../clib/printf.c                         0x00000000   Number         0  _printf_hex_int_ll_ptr.o ABSOLUTE
    ../clib/printf.c                         0x00000000   Number         0  __printf_flags_wp.o ABSOLUTE
    ../clib/printf.c                         0x00000000   Number         0  _printf_hex_ll_ptr.o ABSOLUTE
    ../clib/printf.c                         0x00000000   Number         0  __printf.o ABSOLUTE
    ../clib/printf.c                         0x00000000   Number         0  _printf_truncate.o ABSOLUTE
    ../clib/printf.c                         0x00000000   Number         0  _printf_str.o ABSOLUTE
    ../clib/printf.c                         0x00000000   Number         0  _printf_dec.o ABSOLUTE
    ../clib/printf.c                         0x00000000   Number         0  _printf_charcount.o ABSOLUTE
    ../clib/printf.c                         0x00000000   Number         0  _printf_char_common.o ABSOLUTE
    ../clib/printf.c                         0x00000000   Number         0  _sputc.o ABSOLUTE
    ../clib/printf.c                         0x00000000   Number         0  _printf_wctomb.o ABSOLUTE
    ../clib/printf.c                         0x00000000   Number         0  _printf_longlong_dec.o ABSOLUTE
    ../clib/printf.c                         0x00000000   Number         0  _printf_oct_ll.o ABSOLUTE
    ../clib/printf.c                         0x00000000   Number         0  _printf_oct_int.o ABSOLUTE
    ../clib/printf.c                         0x00000000   Number         0  _printf_oct_int_ll.o ABSOLUTE
    ../clib/printf.c                         0x00000000   Number         0  _printf_hex_ll.o ABSOLUTE
    ../clib/printf.c                         0x00000000   Number         0  _printf_hex_int.o ABSOLUTE
    ../clib/printf.c                         0x00000000   Number         0  _printf_hex_int_ll.o ABSOLUTE
    ../clib/printf_percent.s                 0x00000000   Number         0  _printf_llu.o ABSOLUTE
    ../clib/printf_percent.s                 0x00000000   Number         0  _printf_ll.o ABSOLUTE
    ../clib/printf_percent.s                 0x00000000   Number         0  _printf_u.o ABSOLUTE
    ../clib/printf_percent.s                 0x00000000   Number         0  _printf_lc.o ABSOLUTE
    ../clib/printf_percent.s                 0x00000000   Number         0  _printf_ls.o ABSOLUTE
    ../clib/printf_percent.s                 0x00000000   Number         0  _printf_llo.o ABSOLUTE
    ../clib/printf_percent.s                 0x00000000   Number         0  _printf_llx.o ABSOLUTE
    ../clib/printf_percent.s                 0x00000000   Number         0  _printf_l.o ABSOLUTE
    ../clib/printf_percent.s                 0x00000000   Number         0  _printf_c.o ABSOLUTE
    ../clib/printf_percent.s                 0x00000000   Number         0  _printf_a.o ABSOLUTE
    ../clib/printf_percent.s                 0x00000000   Number         0  _printf_s.o ABSOLUTE
    ../clib/printf_percent.s                 0x00000000   Number         0  _printf_n.o ABSOLUTE
    ../clib/printf_percent.s                 0x00000000   Number         0  _printf_x.o ABSOLUTE
    ../clib/printf_percent.s                 0x00000000   Number         0  _printf_p.o ABSOLUTE
    ../clib/printf_percent.s                 0x00000000   Number         0  _printf_o.o ABSOLUTE
    ../clib/printf_percent.s                 0x00000000   Number         0  _printf_i.o ABSOLUTE
    ../clib/printf_percent.s                 0x00000000   Number         0  _printf_d.o ABSOLUTE
    ../clib/printf_percent.s                 0x00000000   Number         0  _printf_percent_end.o ABSOLUTE
    ../clib/printf_percent.s                 0x00000000   Number         0  _printf_f.o ABSOLUTE
    ../clib/printf_percent.s                 0x00000000   Number         0  _printf_e.o ABSOLUTE
    ../clib/printf_percent.s                 0x00000000   Number         0  _printf_g.o ABSOLUTE
    ../clib/printf_percent.s                 0x00000000   Number         0  _printf_percent.o ABSOLUTE
    ../clib/printf_percent.s                 0x00000000   Number         0  _printf_lli.o ABSOLUTE
    ../clib/printf_percent.s                 0x00000000   Number         0  _printf_lld.o ABSOLUTE
    ../clib/signal.c                         0x00000000   Number         0  defsig_rtred_inner.o ABSOLUTE
    ../clib/signal.c                         0x00000000   Number         0  defsig_stak_inner.o ABSOLUTE
    ../clib/signal.c                         0x00000000   Number         0  defsig_pvfn_inner.o ABSOLUTE
    ../clib/signal.c                         0x00000000   Number         0  defsig_cppl_inner.o ABSOLUTE
    ../clib/signal.c                         0x00000000   Number         0  defsig_segv_inner.o ABSOLUTE
    ../clib/signal.c                         0x00000000   Number         0  defsig_other.o ABSOLUTE
    ../clib/signal.c                         0x00000000   Number         0  defsig_rtmem_formal.o ABSOLUTE
    ../clib/signal.c                         0x00000000   Number         0  defsig_exit.o ABSOLUTE
    ../clib/signal.c                         0x00000000   Number         0  defsig_rtmem_inner.o ABSOLUTE
    ../clib/signal.c                         0x00000000   Number         0  __raise.o ABSOLUTE
    ../clib/signal.c                         0x00000000   Number         0  defsig_general.o ABSOLUTE
    ../clib/signal.c                         0x00000000   Number         0  defsig_abrt_inner.o ABSOLUTE
    ../clib/signal.c                         0x00000000   Number         0  defsig_fpe_inner.o ABSOLUTE
    ../clib/signal.c                         0x00000000   Number         0  defsig_rtmem_outer.o ABSOLUTE
    ../clib/signal.s                         0x00000000   Number         0  defsig.o ABSOLUTE
    ../clib/stdlib.c                         0x00000000   Number         0  exit.o ABSOLUTE
    ../fplib/d2f.s                           0x00000000   Number         0  d2f.o ABSOLUTE
    ../fplib/dcmpi.s                         0x00000000   Number         0  dcmpi.o ABSOLUTE
    ../fplib/dleqf.s                         0x00000000   Number         0  dleqf.o ABSOLUTE
    ../fplib/dnaninf.s                       0x00000000   Number         0  dnaninf.o ABSOLUTE
    ../fplib/dretinf.s                       0x00000000   Number         0  dretinf.o ABSOLUTE
    ../fplib/drleqf.s                        0x00000000   Number         0  drleqf.o ABSOLUTE
    ../fplib/dsqrt.s                         0x00000000   Number         0  dsqrt_noumaal.o ABSOLUTE
    ../fplib/f2d.s                           0x00000000   Number         0  f2d.o ABSOLUTE
    ../fplib/faddsub.s                       0x00000000   Number         0  faddsub_clz.o ABSOLUTE
    ../fplib/fcheck1.s                       0x00000000   Number         0  fcheck1.o ABSOLUTE
    ../fplib/fcmpi.s                         0x00000000   Number         0  fcmpi.o ABSOLUTE
    ../fplib/fdiv.s                          0x00000000   Number         0  fdiv.o ABSOLUTE
    ../fplib/feqf.s                          0x00000000   Number         0  feqf.o ABSOLUTE
    ../fplib/ffix.s                          0x00000000   Number         0  ffix.o ABSOLUTE
    ../fplib/fflt.s                          0x00000000   Number         0  fflt_clz.o ABSOLUTE
    ../fplib/fmul.s                          0x00000000   Number         0  fmul.o ABSOLUTE
    ../fplib/fnaninf.s                       0x00000000   Number         0  fnaninf.o ABSOLUTE
    ../fplib/fpinit.s                        0x00000000   Number         0  fpinit.o ABSOLUTE
    ../fplib/fretinf.s                       0x00000000   Number         0  fretinf.o ABSOLUTE
    ../fplib/fsqrt.s                         0x00000000   Number         0  fsqrt.o ABSOLUTE
    ../fplib/istatus.s                       0x00000000   Number         0  istatus.o ABSOLUTE
    ../fplib/printf1.s                       0x00000000   Number         0  printf1.o ABSOLUTE
    ../fplib/printf2.s                       0x00000000   Number         0  printf2.o ABSOLUTE
    ../fplib/printf2a.s                      0x00000000   Number         0  printf2a.o ABSOLUTE
    ../fplib/printf2b.s                      0x00000000   Number         0  printf2b.o ABSOLUTE
    ../fplib/retnan.s                        0x00000000   Number         0  retnan.o ABSOLUTE
    ../fplib/scalbnf.s                       0x00000000   Number         0  scalbnf.o ABSOLUTE
    ../fplib/trapv.s                         0x00000000   Number         0  trapv.o ABSOLUTE
    ../fplib/usenofp.s                       0x00000000   Number         0  usenofp.o ABSOLUTE
    ../mathlib/asinf.c                       0x00000000   Number         0  asinf_x.o ABSOLUTE
    ../mathlib/asinf.c                       0x00000000   Number         0  asinf.o ABSOLUTE
    ../mathlib/atan2f.c                      0x00000000   Number         0  atan2f_x.o ABSOLUTE
    ../mathlib/atan2f.c                      0x00000000   Number         0  atan2f.o ABSOLUTE
    ../mathlib/fpclassify.c                  0x00000000   Number         0  fpclassify.o ABSOLUTE
    ../mathlib/fpclassifyf.c                 0x00000000   Number         0  fpclassifyf.o ABSOLUTE
    ../mathlib/funder.c                      0x00000000   Number         0  funder.o ABSOLUTE
    ../mathlib/sqrt.c                        0x00000000   Number         0  sqrt.o ABSOLUTE
    ../mathlib/sqrt.c                        0x00000000   Number         0  sqrt_x.o ABSOLUTE
    ../mathlib/sqrtf.c                       0x00000000   Number         0  sqrtf.o ABSOLUTE
    ../mathlib/sqrtf.c                       0x00000000   Number         0  sqrtf_x.o ABSOLUTE
    Hardware\Key.c                           0x00000000   Number         0  key.o ABSOLUTE
    Hardware\LED.c                           0x00000000   Number         0  led.o ABSOLUTE
    Hardware\MPU6050.c                       0x00000000   Number         0  mpu6050.o ABSOLUTE
    Hardware\MyI2C.c                         0x00000000   Number         0  myi2c.o ABSOLUTE
    Hardware\OLED.c                          0x00000000   Number         0  oled.o ABSOLUTE
    Hardware\Serial.c                        0x00000000   Number         0  serial.o ABSOLUTE
    Library\misc.c                           0x00000000   Number         0  misc.o ABSOLUTE
    Library\stm32f10x_adc.c                  0x00000000   Number         0  stm32f10x_adc.o ABSOLUTE
    Library\stm32f10x_bkp.c                  0x00000000   Number         0  stm32f10x_bkp.o ABSOLUTE
    Library\stm32f10x_can.c                  0x00000000   Number         0  stm32f10x_can.o ABSOLUTE
    Library\stm32f10x_cec.c                  0x00000000   Number         0  stm32f10x_cec.o ABSOLUTE
    Library\stm32f10x_crc.c                  0x00000000   Number         0  stm32f10x_crc.o ABSOLUTE
    Library\stm32f10x_dac.c                  0x00000000   Number         0  stm32f10x_dac.o ABSOLUTE
    Library\stm32f10x_dbgmcu.c               0x00000000   Number         0  stm32f10x_dbgmcu.o ABSOLUTE
    Library\stm32f10x_dma.c                  0x00000000   Number         0  stm32f10x_dma.o ABSOLUTE
    Library\stm32f10x_exti.c                 0x00000000   Number         0  stm32f10x_exti.o ABSOLUTE
    Library\stm32f10x_flash.c                0x00000000   Number         0  stm32f10x_flash.o ABSOLUTE
    Library\stm32f10x_fsmc.c                 0x00000000   Number         0  stm32f10x_fsmc.o ABSOLUTE
    Library\stm32f10x_gpio.c                 0x00000000   Number         0  stm32f10x_gpio.o ABSOLUTE
    Library\stm32f10x_i2c.c                  0x00000000   Number         0  stm32f10x_i2c.o ABSOLUTE
    Library\stm32f10x_iwdg.c                 0x00000000   Number         0  stm32f10x_iwdg.o ABSOLUTE
    Library\stm32f10x_pwr.c                  0x00000000   Number         0  stm32f10x_pwr.o ABSOLUTE
    Library\stm32f10x_rcc.c                  0x00000000   Number         0  stm32f10x_rcc.o ABSOLUTE
    Library\stm32f10x_rtc.c                  0x00000000   Number         0  stm32f10x_rtc.o ABSOLUTE
    Library\stm32f10x_sdio.c                 0x00000000   Number         0  stm32f10x_sdio.o ABSOLUTE
    Library\stm32f10x_spi.c                  0x00000000   Number         0  stm32f10x_spi.o ABSOLUTE
    Library\stm32f10x_tim.c                  0x00000000   Number         0  stm32f10x_tim.o ABSOLUTE
    Library\stm32f10x_usart.c                0x00000000   Number         0  stm32f10x_usart.o ABSOLUTE
    Library\stm32f10x_wwdg.c                 0x00000000   Number         0  stm32f10x_wwdg.o ABSOLUTE
    Start\\core_cm3.c                        0x00000000   Number         0  core_cm3.o ABSOLUTE
    Start\core_cm3.c                         0x00000000   Number         0  core_cm3.o ABSOLUTE
    Start\startup_stm32f10x_md.s             0x00000000   Number         0  startup_stm32f10x_md.o ABSOLUTE
    Start\system_stm32f10x.c                 0x00000000   Number         0  system_stm32f10x.o ABSOLUTE
    System\Delay.c                           0x00000000   Number         0  delay.o ABSOLUTE
    System\MadgwickAHRS.c                    0x00000000   Number         0  madgwickahrs.o ABSOLUTE
    System\Timer.c                           0x00000000   Number         0  timer.o ABSOLUTE
    User\main.c                              0x00000000   Number         0  main.o ABSOLUTE
    User\stm32f10x_it.c                      0x00000000   Number         0  stm32f10x_it.o ABSOLUTE
    dc.s                                     0x00000000   Number         0  dc.o ABSOLUTE
    RESET                                    0x08000000   Section      236  startup_stm32f10x_md.o(RESET)
    !!!main                                  0x080000ec   Section        8  __main.o(!!!main)
    !!!scatter                               0x080000f4   Section       52  __scatter.o(!!!scatter)
    !!handler_copy                           0x08000128   Section       26  __scatter_copy.o(!!handler_copy)
    !!handler_zi                             0x08000144   Section       28  __scatter_zi.o(!!handler_zi)
    .ARM.Collect$$libinit$$00000000          0x08000160   Section        2  libinit.o(.ARM.Collect$$libinit$$00000000)
    .ARM.Collect$$libinit$$00000002          0x08000162   Section        0  libinit2.o(.ARM.Collect$$libinit$$00000002)
    .ARM.Collect$$libinit$$00000004          0x08000162   Section        0  libinit2.o(.ARM.Collect$$libinit$$00000004)
    .ARM.Collect$$libinit$$0000000A          0x08000162   Section        0  libinit2.o(.ARM.Collect$$libinit$$0000000A)
    .ARM.Collect$$libinit$$0000000C          0x08000162   Section        0  libinit2.o(.ARM.Collect$$libinit$$0000000C)
    .ARM.Collect$$libinit$$0000000E          0x08000162   Section        0  libinit2.o(.ARM.Collect$$libinit$$0000000E)
    .ARM.Collect$$libinit$$00000011          0x08000162   Section        0  libinit2.o(.ARM.Collect$$libinit$$00000011)
    .ARM.Collect$$libinit$$00000013          0x08000162   Section        0  libinit2.o(.ARM.Collect$$libinit$$00000013)
    .ARM.Collect$$libinit$$00000015          0x08000162   Section        0  libinit2.o(.ARM.Collect$$libinit$$00000015)
    .ARM.Collect$$libinit$$00000017          0x08000162   Section        0  libinit2.o(.ARM.Collect$$libinit$$00000017)
    .ARM.Collect$$libinit$$00000019          0x08000162   Section        0  libinit2.o(.ARM.Collect$$libinit$$00000019)
    .ARM.Collect$$libinit$$0000001B          0x08000162   Section        0  libinit2.o(.ARM.Collect$$libinit$$0000001B)
    .ARM.Collect$$libinit$$0000001D          0x08000162   Section        0  libinit2.o(.ARM.Collect$$libinit$$0000001D)
    .ARM.Collect$$libinit$$0000001F          0x08000162   Section        0  libinit2.o(.ARM.Collect$$libinit$$0000001F)
    .ARM.Collect$$libinit$$00000021          0x08000162   Section        0  libinit2.o(.ARM.Collect$$libinit$$00000021)
    .ARM.Collect$$libinit$$00000023          0x08000162   Section        0  libinit2.o(.ARM.Collect$$libinit$$00000023)
    .ARM.Collect$$libinit$$00000025          0x08000162   Section        0  libinit2.o(.ARM.Collect$$libinit$$00000025)
    .ARM.Collect$$libinit$$0000002C          0x08000162   Section        0  libinit2.o(.ARM.Collect$$libinit$$0000002C)
    .ARM.Collect$$libinit$$0000002E          0x08000162   Section        0  libinit2.o(.ARM.Collect$$libinit$$0000002E)
    .ARM.Collect$$libinit$$00000030          0x08000162   Section        0  libinit2.o(.ARM.Collect$$libinit$$00000030)
    .ARM.Collect$$libinit$$00000032          0x08000162   Section        0  libinit2.o(.ARM.Collect$$libinit$$00000032)
    .ARM.Collect$$libinit$$00000033          0x08000162   Section        2  libinit2.o(.ARM.Collect$$libinit$$00000033)
    .ARM.Collect$$libshutdown$$00000000      0x08000164   Section        2  libshutdown.o(.ARM.Collect$$libshutdown$$00000000)
    .ARM.Collect$$libshutdown$$00000002      0x08000166   Section        0  libshutdown2.o(.ARM.Collect$$libshutdown$$00000002)
    .ARM.Collect$$libshutdown$$00000004      0x08000166   Section        0  libshutdown2.o(.ARM.Collect$$libshutdown$$00000004)
    .ARM.Collect$$libshutdown$$00000007      0x08000166   Section        0  libshutdown2.o(.ARM.Collect$$libshutdown$$00000007)
    .ARM.Collect$$libshutdown$$0000000A      0x08000166   Section        0  libshutdown2.o(.ARM.Collect$$libshutdown$$0000000A)
    .ARM.Collect$$libshutdown$$0000000C      0x08000166   Section        0  libshutdown2.o(.ARM.Collect$$libshutdown$$0000000C)
    .ARM.Collect$$libshutdown$$0000000F      0x08000166   Section        0  libshutdown2.o(.ARM.Collect$$libshutdown$$0000000F)
    .ARM.Collect$$libshutdown$$00000010      0x08000166   Section        2  libshutdown2.o(.ARM.Collect$$libshutdown$$00000010)
    .ARM.Collect$$rtentry$$00000000          0x08000168   Section        0  __rtentry.o(.ARM.Collect$$rtentry$$00000000)
    .ARM.Collect$$rtentry$$00000002          0x08000168   Section        0  __rtentry2.o(.ARM.Collect$$rtentry$$00000002)
    .ARM.Collect$$rtentry$$00000004          0x08000168   Section        6  __rtentry4.o(.ARM.Collect$$rtentry$$00000004)
    .ARM.Collect$$rtentry$$00000009          0x0800016e   Section        0  __rtentry2.o(.ARM.Collect$$rtentry$$00000009)
    .ARM.Collect$$rtentry$$0000000A          0x0800016e   Section        4  __rtentry2.o(.ARM.Collect$$rtentry$$0000000A)
    .ARM.Collect$$rtentry$$0000000C          0x08000172   Section        0  __rtentry2.o(.ARM.Collect$$rtentry$$0000000C)
    .ARM.Collect$$rtentry$$0000000D          0x08000172   Section        8  __rtentry2.o(.ARM.Collect$$rtentry$$0000000D)
    .ARM.Collect$$rtexit$$00000000           0x0800017a   Section        2  rtexit.o(.ARM.Collect$$rtexit$$00000000)
    .ARM.Collect$$rtexit$$00000002           0x0800017c   Section        0  rtexit2.o(.ARM.Collect$$rtexit$$00000002)
    .ARM.Collect$$rtexit$$00000003           0x0800017c   Section        4  rtexit2.o(.ARM.Collect$$rtexit$$00000003)
    .ARM.Collect$$rtexit$$00000004           0x08000180   Section        6  rtexit2.o(.ARM.Collect$$rtexit$$00000004)
    .text                                    0x08000188   Section       64  startup_stm32f10x_md.o(.text)
    .text                                    0x080001c8   Section        0  heapauxi.o(.text)
    .text                                    0x080001ce   Section        0  _rserrno.o(.text)
    .text                                    0x080001e4   Section        8  rt_errno_addr_intlibspace.o(.text)
    .text                                    0x080001ec   Section        8  libspace.o(.text)
    .text                                    0x080001f4   Section       74  sys_stackheap_outer.o(.text)
    .text                                    0x0800023e   Section        0  exit.o(.text)
    .text                                    0x08000250   Section        0  sys_exit.o(.text)
    .text                                    0x0800025c   Section        2  use_no_semi.o(.text)
    .text                                    0x0800025e   Section        0  indicate_semi.o(.text)
    i.BusFault_Handler                       0x0800025e   Section        0  stm32f10x_it.o(i.BusFault_Handler)
    i.DebugMon_Handler                       0x08000262   Section        0  stm32f10x_it.o(i.DebugMon_Handler)
    i.Delay_ms                               0x08000264   Section        0  delay.o(i.Delay_ms)
    i.Delay_us                               0x0800027c   Section        0  delay.o(i.Delay_us)
    i.GPIO_Init                              0x080002aa   Section        0  stm32f10x_gpio.o(i.GPIO_Init)
    i.GPIO_ReadInputDataBit                  0x080003c0   Section        0  stm32f10x_gpio.o(i.GPIO_ReadInputDataBit)
    i.GPIO_SetBits                           0x080003d2   Section        0  stm32f10x_gpio.o(i.GPIO_SetBits)
    i.GPIO_WriteBit                          0x080003d6   Section        0  stm32f10x_gpio.o(i.GPIO_WriteBit)
    i.HardFault_Handler                      0x080003e0   Section        0  stm32f10x_it.o(i.HardFault_Handler)
    i.MPU6050_CalibrateGyro                  0x080003e4   Section        0  mpu6050.o(i.MPU6050_CalibrateGyro)
    i.MPU6050_GetData                        0x08000548   Section        0  mpu6050.o(i.MPU6050_GetData)
    i.MPU6050_GetDataScaled                  0x08000610   Section        0  mpu6050.o(i.MPU6050_GetDataScaled)
    i.MPU6050_Init                           0x08000788   Section        0  mpu6050.o(i.MPU6050_Init)
    i.MPU6050_WriteReg                       0x080007c0   Section        0  mpu6050.o(i.MPU6050_WriteReg)
    i.MadgwickAHRSupdateIMU                  0x080007f0   Section        0  madgwickahrs.o(i.MadgwickAHRSupdateIMU)
    i.MemManage_Handler                      0x08000d9c   Section        0  stm32f10x_it.o(i.MemManage_Handler)
    i.MyI2C_Init                             0x08000da0   Section        0  myi2c.o(i.MyI2C_Init)
    i.MyI2C_R_SDA                            0x08000dd8   Section        0  myi2c.o(i.MyI2C_R_SDA)
    i.MyI2C_ReceiveAck                       0x08000df0   Section        0  myi2c.o(i.MyI2C_ReceiveAck)
    i.MyI2C_ReceiveByte                      0x08000e0e   Section        0  myi2c.o(i.MyI2C_ReceiveByte)
    i.MyI2C_SendACK                          0x08000e42   Section        0  myi2c.o(i.MyI2C_SendACK)
    i.MyI2C_SendByte                         0x08000e5a   Section        0  myi2c.o(i.MyI2C_SendByte)
    i.MyI2C_Start                            0x08000e84   Section        0  myi2c.o(i.MyI2C_Start)
    i.MyI2C_Stop                             0x08000ea0   Section        0  myi2c.o(i.MyI2C_Stop)
    i.MyI2C_W_SCL                            0x08000eb8   Section        0  myi2c.o(i.MyI2C_W_SCL)
    i.MyI2C_W_SDA                            0x08000ed4   Section        0  myi2c.o(i.MyI2C_W_SDA)
    i.NMI_Handler                            0x08000ef0   Section        0  stm32f10x_it.o(i.NMI_Handler)
    i.NVIC_Init                              0x08000ef4   Section        0  misc.o(i.NVIC_Init)
    i.NVIC_PriorityGroupConfig               0x08000f64   Section        0  misc.o(i.NVIC_PriorityGroupConfig)
    i.OLED_Clear                             0x08000f78   Section        0  oled.o(i.OLED_Clear)
    i.OLED_I2C_Init                          0x08000fa4   Section        0  oled.o(i.OLED_I2C_Init)
    i.OLED_I2C_SendByte                      0x08000ff4   Section        0  oled.o(i.OLED_I2C_SendByte)
    i.OLED_I2C_Start                         0x08001050   Section        0  oled.o(i.OLED_I2C_Start)
    i.OLED_I2C_Stop                          0x08001084   Section        0  oled.o(i.OLED_I2C_Stop)
    i.OLED_Init                              0x080010ac   Section        0  oled.o(i.OLED_Init)
    i.OLED_Pow                               0x0800115a   Section        0  oled.o(i.OLED_Pow)
    i.OLED_SetCursor                         0x0800116e   Section        0  oled.o(i.OLED_SetCursor)
    i.OLED_ShowChar                          0x08001190   Section        0  oled.o(i.OLED_ShowChar)
    i.OLED_ShowNum                           0x08001204   Section        0  oled.o(i.OLED_ShowNum)
    i.OLED_ShowString                        0x08001248   Section        0  oled.o(i.OLED_ShowString)
    i.OLED_WriteCommand                      0x08001270   Section        0  oled.o(i.OLED_WriteCommand)
    i.OLED_WriteData                         0x08001290   Section        0  oled.o(i.OLED_WriteData)
    i.PendSV_Handler                         0x080012b0   Section        0  stm32f10x_it.o(i.PendSV_Handler)
    i.RCC_APB1PeriphClockCmd                 0x080012b4   Section        0  stm32f10x_rcc.o(i.RCC_APB1PeriphClockCmd)
    i.RCC_APB2PeriphClockCmd                 0x080012d4   Section        0  stm32f10x_rcc.o(i.RCC_APB2PeriphClockCmd)
    i.RCC_GetClocksFreq                      0x080012f4   Section        0  stm32f10x_rcc.o(i.RCC_GetClocksFreq)
    i.SVC_Handler                            0x080013c8   Section        0  stm32f10x_it.o(i.SVC_Handler)
    i.Serial_Init                            0x080013cc   Section        0  serial.o(i.Serial_Init)
    i.Serial_SendByte                        0x08001484   Section        0  serial.o(i.Serial_SendByte)
    i.SetSysClock                            0x080014a4   Section        0  system_stm32f10x.o(i.SetSysClock)
    SetSysClock                              0x080014a5   Thumb Code     8  system_stm32f10x.o(i.SetSysClock)
    i.SetSysClockTo72                        0x080014ac   Section        0  system_stm32f10x.o(i.SetSysClockTo72)
    SetSysClockTo72                          0x080014ad   Thumb Code   214  system_stm32f10x.o(i.SetSysClockTo72)
    i.SysTick_Handler                        0x0800158c   Section        0  stm32f10x_it.o(i.SysTick_Handler)
    i.SystemInit                             0x08001590   Section        0  system_stm32f10x.o(i.SystemInit)
    i.TIM2_IRQHandler                        0x080015f0   Section        0  main.o(i.TIM2_IRQHandler)
    i.TIM_ClearFlag                          0x080018d8   Section        0  stm32f10x_tim.o(i.TIM_ClearFlag)
    i.TIM_ClearITPendingBit                  0x080018de   Section        0  stm32f10x_tim.o(i.TIM_ClearITPendingBit)
    i.TIM_Cmd                                0x080018e4   Section        0  stm32f10x_tim.o(i.TIM_Cmd)
    i.TIM_GetITStatus                        0x080018fc   Section        0  stm32f10x_tim.o(i.TIM_GetITStatus)
    i.TIM_ITConfig                           0x0800191e   Section        0  stm32f10x_tim.o(i.TIM_ITConfig)
    i.TIM_InternalClockConfig                0x08001930   Section        0  stm32f10x_tim.o(i.TIM_InternalClockConfig)
    i.TIM_TimeBaseInit                       0x0800193c   Section        0  stm32f10x_tim.o(i.TIM_TimeBaseInit)
    i.Timer_Init                             0x080019e0   Section        0  timer.o(i.Timer_Init)
    i.USART1_IRQHandler                      0x08001a5c   Section        0  main.o(i.USART1_IRQHandler)
    i.USART_ClearITPendingBit                0x08001ad4   Section        0  stm32f10x_usart.o(i.USART_ClearITPendingBit)
    i.USART_Cmd                              0x08001af2   Section        0  stm32f10x_usart.o(i.USART_Cmd)
    i.USART_GetFlagStatus                    0x08001b0a   Section        0  stm32f10x_usart.o(i.USART_GetFlagStatus)
    i.USART_GetITStatus                      0x08001b24   Section        0  stm32f10x_usart.o(i.USART_GetITStatus)
    i.USART_ITConfig                         0x08001b78   Section        0  stm32f10x_usart.o(i.USART_ITConfig)
    i.USART_Init                             0x08001bc4   Section        0  stm32f10x_usart.o(i.USART_Init)
    i.USART_ReceiveData                      0x08001c9c   Section        0  stm32f10x_usart.o(i.USART_ReceiveData)
    i.USART_SendData                         0x08001ca6   Section        0  stm32f10x_usart.o(i.USART_SendData)
    i.UsageFault_Handler                     0x08001cae   Section        0  stm32f10x_it.o(i.UsageFault_Handler)
    i.__ARM_fpclassifyf                      0x08001cb2   Section        0  fpclassifyf.o(i.__ARM_fpclassifyf)
    i.__mathlib_flt_infnan                   0x08001cd8   Section        0  funder.o(i.__mathlib_flt_infnan)
    i.__mathlib_flt_infnan2                  0x08001cde   Section        0  funder.o(i.__mathlib_flt_infnan2)
    i.__mathlib_flt_invalid                  0x08001ce2   Section        0  funder.o(i.__mathlib_flt_invalid)
    i.__mathlib_flt_underflow                0x08001cea   Section        0  funder.o(i.__mathlib_flt_underflow)
    i.asinf                                  0x08001cf4   Section        0  asinf.o(i.asinf)
    i.atan2f                                 0x08001e18   Section        0  atan2f.o(i.atan2f)
    i.invSqrt                                0x08002074   Section        0  madgwickahrs.o(i.invSqrt)
    i.main                                   0x080020c0   Section        0  main.o(i.main)
    i.sqrtf                                  0x080021c8   Section        0  sqrtf.o(i.sqrtf)
    x$fpl$dcmpinf                            0x080021f4   Section       24  dcmpi.o(x$fpl$dcmpinf)
    x$fpl$dleqf                              0x0800220c   Section      120  dleqf.o(x$fpl$dleqf)
    x$fpl$dnaninf                            0x08002284   Section      156  dnaninf.o(x$fpl$dnaninf)
    x$fpl$dretinf                            0x08002320   Section       12  dretinf.o(x$fpl$dretinf)
    x$fpl$drleqf                             0x0800232c   Section      108  drleqf.o(x$fpl$drleqf)
    x$fpl$f2d                                0x08002398   Section       86  f2d.o(x$fpl$f2d)
    x$fpl$fadd                               0x080023f0   Section      196  faddsub_clz.o(x$fpl$fadd)
    _fadd1                                   0x080023ff   Thumb Code     0  faddsub_clz.o(x$fpl$fadd)
    x$fpl$fcheck1                            0x080024b4   Section       12  fcheck1.o(x$fpl$fcheck1)
    x$fpl$fcmpinf                            0x080024c0   Section       24  fcmpi.o(x$fpl$fcmpinf)
    x$fpl$fdiv                               0x080024d8   Section      388  fdiv.o(x$fpl$fdiv)
    _fdiv1                                   0x080024d9   Thumb Code     0  fdiv.o(x$fpl$fdiv)
    x$fpl$feqf                               0x0800265c   Section      104  feqf.o(x$fpl$feqf)
    x$fpl$ffix                               0x080026c4   Section       54  ffix.o(x$fpl$ffix)
    x$fpl$fflt                               0x080026fc   Section       48  fflt_clz.o(x$fpl$fflt)
    x$fpl$fmul                               0x0800272c   Section      258  fmul.o(x$fpl$fmul)
    x$fpl$fnaninf                            0x0800282e   Section      140  fnaninf.o(x$fpl$fnaninf)
    x$fpl$fretinf                            0x080028ba   Section       10  fretinf.o(x$fpl$fretinf)
    x$fpl$frsb                               0x080028c4   Section       20  faddsub_clz.o(x$fpl$frsb)
    x$fpl$fsqrt                              0x080028d8   Section      272  fsqrt.o(x$fpl$fsqrt)
    x$fpl$fsub                               0x080029e8   Section      234  faddsub_clz.o(x$fpl$fsub)
    _fsub1                                   0x080029f7   Thumb Code     0  faddsub_clz.o(x$fpl$fsub)
    x$fpl$retnan                             0x08002ad2   Section      100  retnan.o(x$fpl$retnan)
    x$fpl$scalbnf                            0x08002b36   Section       76  scalbnf.o(x$fpl$scalbnf)
    x$fpl$trapveneer                         0x08002b82   Section       48  trapv.o(x$fpl$trapveneer)
    .constdata                               0x08002bb2   Section     1520  oled.o(.constdata)
    x$fpl$usenofp                            0x08002bb2   Section        0  usenofp.o(x$fpl$usenofp)
    .data                                    0x20000000   Section       20  stm32f10x_rcc.o(.data)
    APBAHBPrescTable                         0x20000000   Data          16  stm32f10x_rcc.o(.data)
    ADCPrescTable                            0x20000010   Data           4  stm32f10x_rcc.o(.data)
    .data                                    0x20000014   Section       20  madgwickahrs.o(.data)
    .data                                    0x20000028   Section       21  mpu6050.o(.data)
    gz_is_moving                             0x2000003c   Data           1  mpu6050.o(.data)
    .data                                    0x20000040   Section       43  main.o(.data)
    task_counter                             0x20000068   Data           1  main.o(.data)
    heartbeat_counter                        0x20000069   Data           1  main.o(.data)
    send_counter                             0x2000006a   Data           1  main.o(.data)
    .bss                                     0x2000006c   Section       96  libspace.o(.bss)
    HEAP                                     0x200000d0   Section      512  startup_stm32f10x_md.o(HEAP)
    Heap_Mem                                 0x200000d0   Data         512  startup_stm32f10x_md.o(HEAP)
    STACK                                    0x200002d0   Section     1024  startup_stm32f10x_md.o(STACK)
    Stack_Mem                                0x200002d0   Data        1024  startup_stm32f10x_md.o(STACK)
    __initial_sp                             0x200006d0   Data           0  startup_stm32f10x_md.o(STACK)

    Global Symbols

    Symbol Name                              Value     Ov Type        Size  Object(Section)

    BuildAttributes$$THM_ISAv4$P$D$K$B$S$PE$A:L22UL41UL21$X:L11$S22US41US21$IEEE1$IW$USESV6$~STKCKD$USESV7$~SHL$OTIME$ROPI$IEEEX$EBA8$UX$STANDARDLIB$REQ8$PRES8$EABIv2 0x00000000   Number         0  anon$$obj.o ABSOLUTE
    __ARM_use_no_argv                        0x00000000   Number         0  main.o ABSOLUTE
    _printf_flags                            0x00000000   Number         0  printf_stubs.o ABSOLUTE
    _printf_return_value                     0x00000000   Number         0  printf_stubs.o ABSOLUTE
    _printf_sizespec                         0x00000000   Number         0  printf_stubs.o ABSOLUTE
    _printf_widthprec                        0x00000000   Number         0  printf_stubs.o ABSOLUTE
    __ARM_exceptions_init                     - Undefined Weak Reference
    __alloca_initialize                       - Undefined Weak Reference
    __arm_preinit_                            - Undefined Weak Reference
    __cpp_initialize__aeabi_                  - Undefined Weak Reference
    __cxa_finalize                            - Undefined Weak Reference
    __sigvec_lookup                           - Undefined Weak Reference
    _atexit_init                              - Undefined Weak Reference
    _call_atexit_fns                          - Undefined Weak Reference
    _clock_init                               - Undefined Weak Reference
    _fp_trap_init                             - Undefined Weak Reference
    _fp_trap_shutdown                         - Undefined Weak Reference
    _get_lc_collate                           - Undefined Weak Reference
    _get_lc_monetary                          - Undefined Weak Reference
    _get_lc_time                              - Undefined Weak Reference
    _getenv_init                              - Undefined Weak Reference
    _handle_redirection                       - Undefined Weak Reference
    _init_alloc                               - Undefined Weak Reference
    _init_user_alloc                          - Undefined Weak Reference
    _initio                                   - Undefined Weak Reference
    _printf_mbtowc                            - Undefined Weak Reference
    _printf_wc                                - Undefined Weak Reference
    _rand_init                                - Undefined Weak Reference
    _signal_finish                            - Undefined Weak Reference
    _signal_init                              - Undefined Weak Reference
    _terminate_alloc                          - Undefined Weak Reference
    _terminate_user_alloc                     - Undefined Weak Reference
    _terminateio                              - Undefined Weak Reference
    __Vectors_Size                           0x000000ec   Number         0  startup_stm32f10x_md.o ABSOLUTE
    __Vectors                                0x08000000   Data           4  startup_stm32f10x_md.o(RESET)
    __Vectors_End                            0x080000ec   Data           0  startup_stm32f10x_md.o(RESET)
    __main                                   0x080000ed   Thumb Code     8  __main.o(!!!main)
    __scatterload                            0x080000f5   Thumb Code     0  __scatter.o(!!!scatter)
    __scatterload_rt2                        0x080000f5   Thumb Code    44  __scatter.o(!!!scatter)
    __scatterload_rt2_thumb_only             0x080000f5   Thumb Code     0  __scatter.o(!!!scatter)
    __scatterload_null                       0x08000103   Thumb Code     0  __scatter.o(!!!scatter)
    __scatterload_copy                       0x08000129   Thumb Code    26  __scatter_copy.o(!!handler_copy)
    __scatterload_zeroinit                   0x08000145   Thumb Code    28  __scatter_zi.o(!!handler_zi)
    __rt_lib_init                            0x08000161   Thumb Code     0  libinit.o(.ARM.Collect$$libinit$$00000000)
    __rt_lib_init_alloca_1                   0x08000163   Thumb Code     0  libinit2.o(.ARM.Collect$$libinit$$0000002E)
    __rt_lib_init_argv_1                     0x08000163   Thumb Code     0  libinit2.o(.ARM.Collect$$libinit$$0000002C)
    __rt_lib_init_atexit_1                   0x08000163   Thumb Code     0  libinit2.o(.ARM.Collect$$libinit$$0000001B)
    __rt_lib_init_clock_1                    0x08000163   Thumb Code     0  libinit2.o(.ARM.Collect$$libinit$$00000021)
    __rt_lib_init_cpp_1                      0x08000163   Thumb Code     0  libinit2.o(.ARM.Collect$$libinit$$00000032)
    __rt_lib_init_exceptions_1               0x08000163   Thumb Code     0  libinit2.o(.ARM.Collect$$libinit$$00000030)
    __rt_lib_init_fp_1                       0x08000163   Thumb Code     0  libinit2.o(.ARM.Collect$$libinit$$00000002)
    __rt_lib_init_fp_trap_1                  0x08000163   Thumb Code     0  libinit2.o(.ARM.Collect$$libinit$$0000001F)
    __rt_lib_init_getenv_1                   0x08000163   Thumb Code     0  libinit2.o(.ARM.Collect$$libinit$$00000023)
    __rt_lib_init_heap_1                     0x08000163   Thumb Code     0  libinit2.o(.ARM.Collect$$libinit$$0000000A)
    __rt_lib_init_lc_collate_1               0x08000163   Thumb Code     0  libinit2.o(.ARM.Collect$$libinit$$00000011)
    __rt_lib_init_lc_ctype_1                 0x08000163   Thumb Code     0  libinit2.o(.ARM.Collect$$libinit$$00000013)
    __rt_lib_init_lc_monetary_1              0x08000163   Thumb Code     0  libinit2.o(.ARM.Collect$$libinit$$00000015)
    __rt_lib_init_lc_numeric_1               0x08000163   Thumb Code     0  libinit2.o(.ARM.Collect$$libinit$$00000017)
    __rt_lib_init_lc_time_1                  0x08000163   Thumb Code     0  libinit2.o(.ARM.Collect$$libinit$$00000019)
    __rt_lib_init_preinit_1                  0x08000163   Thumb Code     0  libinit2.o(.ARM.Collect$$libinit$$00000004)
    __rt_lib_init_rand_1                     0x08000163   Thumb Code     0  libinit2.o(.ARM.Collect$$libinit$$0000000E)
    __rt_lib_init_return                     0x08000163   Thumb Code     0  libinit2.o(.ARM.Collect$$libinit$$00000033)
    __rt_lib_init_signal_1                   0x08000163   Thumb Code     0  libinit2.o(.ARM.Collect$$libinit$$0000001D)
    __rt_lib_init_stdio_1                    0x08000163   Thumb Code     0  libinit2.o(.ARM.Collect$$libinit$$00000025)
    __rt_lib_init_user_alloc_1               0x08000163   Thumb Code     0  libinit2.o(.ARM.Collect$$libinit$$0000000C)
    __rt_lib_shutdown                        0x08000165   Thumb Code     0  libshutdown.o(.ARM.Collect$$libshutdown$$00000000)
    __rt_lib_shutdown_cpp_1                  0x08000167   Thumb Code     0  libshutdown2.o(.ARM.Collect$$libshutdown$$00000002)
    __rt_lib_shutdown_fp_trap_1              0x08000167   Thumb Code     0  libshutdown2.o(.ARM.Collect$$libshutdown$$00000007)
    __rt_lib_shutdown_heap_1                 0x08000167   Thumb Code     0  libshutdown2.o(.ARM.Collect$$libshutdown$$0000000F)
    __rt_lib_shutdown_return                 0x08000167   Thumb Code     0  libshutdown2.o(.ARM.Collect$$libshutdown$$00000010)
    __rt_lib_shutdown_signal_1               0x08000167   Thumb Code     0  libshutdown2.o(.ARM.Collect$$libshutdown$$0000000A)
    __rt_lib_shutdown_stdio_1                0x08000167   Thumb Code     0  libshutdown2.o(.ARM.Collect$$libshutdown$$00000004)
    __rt_lib_shutdown_user_alloc_1           0x08000167   Thumb Code     0  libshutdown2.o(.ARM.Collect$$libshutdown$$0000000C)
    __rt_entry                               0x08000169   Thumb Code     0  __rtentry.o(.ARM.Collect$$rtentry$$00000000)
    __rt_entry_presh_1                       0x08000169   Thumb Code     0  __rtentry2.o(.ARM.Collect$$rtentry$$00000002)
    __rt_entry_sh                            0x08000169   Thumb Code     0  __rtentry4.o(.ARM.Collect$$rtentry$$00000004)
    __rt_entry_li                            0x0800016f   Thumb Code     0  __rtentry2.o(.ARM.Collect$$rtentry$$0000000A)
    __rt_entry_postsh_1                      0x0800016f   Thumb Code     0  __rtentry2.o(.ARM.Collect$$rtentry$$00000009)
    __rt_entry_main                          0x08000173   Thumb Code     0  __rtentry2.o(.ARM.Collect$$rtentry$$0000000D)
    __rt_entry_postli_1                      0x08000173   Thumb Code     0  __rtentry2.o(.ARM.Collect$$rtentry$$0000000C)
    __rt_exit                                0x0800017b   Thumb Code     0  rtexit.o(.ARM.Collect$$rtexit$$00000000)
    __rt_exit_ls                             0x0800017d   Thumb Code     0  rtexit2.o(.ARM.Collect$$rtexit$$00000003)
    __rt_exit_prels_1                        0x0800017d   Thumb Code     0  rtexit2.o(.ARM.Collect$$rtexit$$00000002)
    __rt_exit_exit                           0x08000181   Thumb Code     0  rtexit2.o(.ARM.Collect$$rtexit$$00000004)
    Reset_Handler                            0x08000189   Thumb Code     8  startup_stm32f10x_md.o(.text)
    ADC1_2_IRQHandler                        0x080001a3   Thumb Code     0  startup_stm32f10x_md.o(.text)
    CAN1_RX1_IRQHandler                      0x080001a3   Thumb Code     0  startup_stm32f10x_md.o(.text)
    CAN1_SCE_IRQHandler                      0x080001a3   Thumb Code     0  startup_stm32f10x_md.o(.text)
    DMA1_Channel1_IRQHandler                 0x080001a3   Thumb Code     0  startup_stm32f10x_md.o(.text)
    DMA1_Channel2_IRQHandler                 0x080001a3   Thumb Code     0  startup_stm32f10x_md.o(.text)
    DMA1_Channel3_IRQHandler                 0x080001a3   Thumb Code     0  startup_stm32f10x_md.o(.text)
    DMA1_Channel4_IRQHandler                 0x080001a3   Thumb Code     0  startup_stm32f10x_md.o(.text)
    DMA1_Channel5_IRQHandler                 0x080001a3   Thumb Code     0  startup_stm32f10x_md.o(.text)
    DMA1_Channel6_IRQHandler                 0x080001a3   Thumb Code     0  startup_stm32f10x_md.o(.text)
    DMA1_Channel7_IRQHandler                 0x080001a3   Thumb Code     0  startup_stm32f10x_md.o(.text)
    EXTI0_IRQHandler                         0x080001a3   Thumb Code     0  startup_stm32f10x_md.o(.text)
    EXTI15_10_IRQHandler                     0x080001a3   Thumb Code     0  startup_stm32f10x_md.o(.text)
    EXTI1_IRQHandler                         0x080001a3   Thumb Code     0  startup_stm32f10x_md.o(.text)
    EXTI2_IRQHandler                         0x080001a3   Thumb Code     0  startup_stm32f10x_md.o(.text)
    EXTI3_IRQHandler                         0x080001a3   Thumb Code     0  startup_stm32f10x_md.o(.text)
    EXTI4_IRQHandler                         0x080001a3   Thumb Code     0  startup_stm32f10x_md.o(.text)
    EXTI9_5_IRQHandler                       0x080001a3   Thumb Code     0  startup_stm32f10x_md.o(.text)
    FLASH_IRQHandler                         0x080001a3   Thumb Code     0  startup_stm32f10x_md.o(.text)
    I2C1_ER_IRQHandler                       0x080001a3   Thumb Code     0  startup_stm32f10x_md.o(.text)
    I2C1_EV_IRQHandler                       0x080001a3   Thumb Code     0  startup_stm32f10x_md.o(.text)
    I2C2_ER_IRQHandler                       0x080001a3   Thumb Code     0  startup_stm32f10x_md.o(.text)
    I2C2_EV_IRQHandler                       0x080001a3   Thumb Code     0  startup_stm32f10x_md.o(.text)
    PVD_IRQHandler                           0x080001a3   Thumb Code     0  startup_stm32f10x_md.o(.text)
    RCC_IRQHandler                           0x080001a3   Thumb Code     0  startup_stm32f10x_md.o(.text)
    RTCAlarm_IRQHandler                      0x080001a3   Thumb Code     0  startup_stm32f10x_md.o(.text)
    RTC_IRQHandler                           0x080001a3   Thumb Code     0  startup_stm32f10x_md.o(.text)
    SPI1_IRQHandler                          0x080001a3   Thumb Code     0  startup_stm32f10x_md.o(.text)
    SPI2_IRQHandler                          0x080001a3   Thumb Code     0  startup_stm32f10x_md.o(.text)
    TAMPER_IRQHandler                        0x080001a3   Thumb Code     0  startup_stm32f10x_md.o(.text)
    TIM1_BRK_IRQHandler                      0x080001a3   Thumb Code     0  startup_stm32f10x_md.o(.text)
    TIM1_CC_IRQHandler                       0x080001a3   Thumb Code     0  startup_stm32f10x_md.o(.text)
    TIM1_TRG_COM_IRQHandler                  0x080001a3   Thumb Code     0  startup_stm32f10x_md.o(.text)
    TIM1_UP_IRQHandler                       0x080001a3   Thumb Code     0  startup_stm32f10x_md.o(.text)
    TIM3_IRQHandler                          0x080001a3   Thumb Code     0  startup_stm32f10x_md.o(.text)
    TIM4_IRQHandler                          0x080001a3   Thumb Code     0  startup_stm32f10x_md.o(.text)
    USART2_IRQHandler                        0x080001a3   Thumb Code     0  startup_stm32f10x_md.o(.text)
    USART3_IRQHandler                        0x080001a3   Thumb Code     0  startup_stm32f10x_md.o(.text)
    USBWakeUp_IRQHandler                     0x080001a3   Thumb Code     0  startup_stm32f10x_md.o(.text)
    USB_HP_CAN1_TX_IRQHandler                0x080001a3   Thumb Code     0  startup_stm32f10x_md.o(.text)
    USB_LP_CAN1_RX0_IRQHandler               0x080001a3   Thumb Code     0  startup_stm32f10x_md.o(.text)
    WWDG_IRQHandler                          0x080001a3   Thumb Code     0  startup_stm32f10x_md.o(.text)
    __user_initial_stackheap                 0x080001a5   Thumb Code     0  startup_stm32f10x_md.o(.text)
    __use_two_region_memory                  0x080001c9   Thumb Code     2  heapauxi.o(.text)
    __rt_heap_escrow$2region                 0x080001cb   Thumb Code     2  heapauxi.o(.text)
    __rt_heap_expand$2region                 0x080001cd   Thumb Code     2  heapauxi.o(.text)
    __read_errno                             0x080001cf   Thumb Code    10  _rserrno.o(.text)
    __set_errno                              0x080001d9   Thumb Code    12  _rserrno.o(.text)
    __aeabi_errno_addr                       0x080001e5   Thumb Code     8  rt_errno_addr_intlibspace.o(.text)
    __errno$intlibspace                      0x080001e5   Thumb Code     0  rt_errno_addr_intlibspace.o(.text)
    __rt_errno_addr$intlibspace              0x080001e5   Thumb Code     0  rt_errno_addr_intlibspace.o(.text)
    __user_libspace                          0x080001ed   Thumb Code     8  libspace.o(.text)
    __user_perproc_libspace                  0x080001ed   Thumb Code     0  libspace.o(.text)
    __user_perthread_libspace                0x080001ed   Thumb Code     0  libspace.o(.text)
    __user_setup_stackheap                   0x080001f5   Thumb Code    74  sys_stackheap_outer.o(.text)
    exit                                     0x0800023f   Thumb Code    18  exit.o(.text)
    _sys_exit                                0x08000251   Thumb Code     8  sys_exit.o(.text)
    __I$use$semihosting                      0x0800025d   Thumb Code     0  use_no_semi.o(.text)
    __use_no_semihosting_swi                 0x0800025d   Thumb Code     2  use_no_semi.o(.text)
    BusFault_Handler                         0x0800025f   Thumb Code     4  stm32f10x_it.o(i.BusFault_Handler)
    __semihosting_library_function           0x0800025f   Thumb Code     0  indicate_semi.o(.text)
    DebugMon_Handler                         0x08000263   Thumb Code     2  stm32f10x_it.o(i.DebugMon_Handler)
    Delay_ms                                 0x08000265   Thumb Code    24  delay.o(i.Delay_ms)
    Delay_us                                 0x0800027d   Thumb Code    46  delay.o(i.Delay_us)
    GPIO_Init                                0x080002ab   Thumb Code   278  stm32f10x_gpio.o(i.GPIO_Init)
    GPIO_ReadInputDataBit                    0x080003c1   Thumb Code    18  stm32f10x_gpio.o(i.GPIO_ReadInputDataBit)
    GPIO_SetBits                             0x080003d3   Thumb Code     4  stm32f10x_gpio.o(i.GPIO_SetBits)
    GPIO_WriteBit                            0x080003d7   Thumb Code    10  stm32f10x_gpio.o(i.GPIO_WriteBit)
    HardFault_Handler                        0x080003e1   Thumb Code     4  stm32f10x_it.o(i.HardFault_Handler)
    MPU6050_CalibrateGyro                    0x080003e5   Thumb Code   284  mpu6050.o(i.MPU6050_CalibrateGyro)
    MPU6050_GetData                          0x08000549   Thumb Code   200  mpu6050.o(i.MPU6050_GetData)
    MPU6050_GetDataScaled                    0x08000611   Thumb Code   334  mpu6050.o(i.MPU6050_GetDataScaled)
    MPU6050_Init                             0x08000789   Thumb Code    56  mpu6050.o(i.MPU6050_Init)
    MPU6050_WriteReg                         0x080007c1   Thumb Code    46  mpu6050.o(i.MPU6050_WriteReg)
    MadgwickAHRSupdateIMU                    0x080007f1   Thumb Code  1426  madgwickahrs.o(i.MadgwickAHRSupdateIMU)
    MemManage_Handler                        0x08000d9d   Thumb Code     4  stm32f10x_it.o(i.MemManage_Handler)
    MyI2C_Init                               0x08000da1   Thumb Code    50  myi2c.o(i.MyI2C_Init)
    MyI2C_R_SDA                              0x08000dd9   Thumb Code    18  myi2c.o(i.MyI2C_R_SDA)
    MyI2C_ReceiveAck                         0x08000df1   Thumb Code    30  myi2c.o(i.MyI2C_ReceiveAck)
    MyI2C_ReceiveByte                        0x08000e0f   Thumb Code    52  myi2c.o(i.MyI2C_ReceiveByte)
    MyI2C_SendACK                            0x08000e43   Thumb Code    24  myi2c.o(i.MyI2C_SendACK)
    MyI2C_SendByte                           0x08000e5b   Thumb Code    42  myi2c.o(i.MyI2C_SendByte)
    MyI2C_Start                              0x08000e85   Thumb Code    28  myi2c.o(i.MyI2C_Start)
    MyI2C_Stop                               0x08000ea1   Thumb Code    22  myi2c.o(i.MyI2C_Stop)
    MyI2C_W_SCL                              0x08000eb9   Thumb Code    24  myi2c.o(i.MyI2C_W_SCL)
    MyI2C_W_SDA                              0x08000ed5   Thumb Code    24  myi2c.o(i.MyI2C_W_SDA)
    NMI_Handler                              0x08000ef1   Thumb Code     2  stm32f10x_it.o(i.NMI_Handler)
    NVIC_Init                                0x08000ef5   Thumb Code   100  misc.o(i.NVIC_Init)
    NVIC_PriorityGroupConfig                 0x08000f65   Thumb Code    10  misc.o(i.NVIC_PriorityGroupConfig)
    OLED_Clear                               0x08000f79   Thumb Code    42  oled.o(i.OLED_Clear)
    OLED_I2C_Init                            0x08000fa5   Thumb Code    76  oled.o(i.OLED_I2C_Init)
    OLED_I2C_SendByte                        0x08000ff5   Thumb Code    88  oled.o(i.OLED_I2C_SendByte)
    OLED_I2C_Start                           0x08001051   Thumb Code    48  oled.o(i.OLED_I2C_Start)
    OLED_I2C_Stop                            0x08001085   Thumb Code    36  oled.o(i.OLED_I2C_Stop)
    OLED_Init                                0x080010ad   Thumb Code   174  oled.o(i.OLED_Init)
    OLED_Pow                                 0x0800115b   Thumb Code    20  oled.o(i.OLED_Pow)
    OLED_SetCursor                           0x0800116f   Thumb Code    34  oled.o(i.OLED_SetCursor)
    OLED_ShowChar                            0x08001191   Thumb Code   110  oled.o(i.OLED_ShowChar)
    OLED_ShowNum                             0x08001205   Thumb Code    68  oled.o(i.OLED_ShowNum)
    OLED_ShowString                          0x08001249   Thumb Code    40  oled.o(i.OLED_ShowString)
    OLED_WriteCommand                        0x08001271   Thumb Code    32  oled.o(i.OLED_WriteCommand)
    OLED_WriteData                           0x08001291   Thumb Code    32  oled.o(i.OLED_WriteData)
    PendSV_Handler                           0x080012b1   Thumb Code     2  stm32f10x_it.o(i.PendSV_Handler)
    RCC_APB1PeriphClockCmd                   0x080012b5   Thumb Code    26  stm32f10x_rcc.o(i.RCC_APB1PeriphClockCmd)
    RCC_APB2PeriphClockCmd                   0x080012d5   Thumb Code    26  stm32f10x_rcc.o(i.RCC_APB2PeriphClockCmd)
    RCC_GetClocksFreq                        0x080012f5   Thumb Code   192  stm32f10x_rcc.o(i.RCC_GetClocksFreq)
    SVC_Handler                              0x080013c9   Thumb Code     2  stm32f10x_it.o(i.SVC_Handler)
    Serial_Init                              0x080013cd   Thumb Code   174  serial.o(i.Serial_Init)
    Serial_SendByte                          0x08001485   Thumb Code    28  serial.o(i.Serial_SendByte)
    SysTick_Handler                          0x0800158d   Thumb Code     2  stm32f10x_it.o(i.SysTick_Handler)
    SystemInit                               0x08001591   Thumb Code    78  system_stm32f10x.o(i.SystemInit)
    TIM2_IRQHandler                          0x080015f1   Thumb Code   658  main.o(i.TIM2_IRQHandler)
    TIM_ClearFlag                            0x080018d9   Thumb Code     6  stm32f10x_tim.o(i.TIM_ClearFlag)
    TIM_ClearITPendingBit                    0x080018df   Thumb Code     6  stm32f10x_tim.o(i.TIM_ClearITPendingBit)
    TIM_Cmd                                  0x080018e5   Thumb Code    24  stm32f10x_tim.o(i.TIM_Cmd)
    TIM_GetITStatus                          0x080018fd   Thumb Code    34  stm32f10x_tim.o(i.TIM_GetITStatus)
    TIM_ITConfig                             0x0800191f   Thumb Code    18  stm32f10x_tim.o(i.TIM_ITConfig)
    TIM_InternalClockConfig                  0x08001931   Thumb Code    12  stm32f10x_tim.o(i.TIM_InternalClockConfig)
    TIM_TimeBaseInit                         0x0800193d   Thumb Code   122  stm32f10x_tim.o(i.TIM_TimeBaseInit)
    Timer_Init                               0x080019e1   Thumb Code   124  timer.o(i.Timer_Init)
    USART1_IRQHandler                        0x08001a5d   Thumb Code   108  main.o(i.USART1_IRQHandler)
    USART_ClearITPendingBit                  0x08001ad5   Thumb Code    30  stm32f10x_usart.o(i.USART_ClearITPendingBit)
    USART_Cmd                                0x08001af3   Thumb Code    24  stm32f10x_usart.o(i.USART_Cmd)
    USART_GetFlagStatus                      0x08001b0b   Thumb Code    26  stm32f10x_usart.o(i.USART_GetFlagStatus)
    USART_GetITStatus                        0x08001b25   Thumb Code    84  stm32f10x_usart.o(i.USART_GetITStatus)
    USART_ITConfig                           0x08001b79   Thumb Code    74  stm32f10x_usart.o(i.USART_ITConfig)
    USART_Init                               0x08001bc5   Thumb Code   210  stm32f10x_usart.o(i.USART_Init)
    USART_ReceiveData                        0x08001c9d   Thumb Code    10  stm32f10x_usart.o(i.USART_ReceiveData)
    USART_SendData                           0x08001ca7   Thumb Code     8  stm32f10x_usart.o(i.USART_SendData)
    UsageFault_Handler                       0x08001caf   Thumb Code     4  stm32f10x_it.o(i.UsageFault_Handler)
    __ARM_fpclassifyf                        0x08001cb3   Thumb Code    38  fpclassifyf.o(i.__ARM_fpclassifyf)
    __mathlib_flt_infnan                     0x08001cd9   Thumb Code     6  funder.o(i.__mathlib_flt_infnan)
    __mathlib_flt_infnan2                    0x08001cdf   Thumb Code     4  funder.o(i.__mathlib_flt_infnan2)
    __mathlib_flt_invalid                    0x08001ce3   Thumb Code     8  funder.o(i.__mathlib_flt_invalid)
    __mathlib_flt_underflow                  0x08001ceb   Thumb Code    10  funder.o(i.__mathlib_flt_underflow)
    asinf                                    0x08001cf5   Thumb Code   254  asinf.o(i.asinf)
    atan2f                                   0x08001e19   Thumb Code   528  atan2f.o(i.atan2f)
    invSqrt                                  0x08002075   Thumb Code    72  madgwickahrs.o(i.invSqrt)
    main                                     0x080020c1   Thumb Code   140  main.o(i.main)
    sqrtf                                    0x080021c9   Thumb Code    44  sqrtf.o(i.sqrtf)
    __fpl_dcmp_Inf                           0x080021f5   Thumb Code    24  dcmpi.o(x$fpl$dcmpinf)
    __aeabi_cdcmple                          0x0800220d   Thumb Code     0  dleqf.o(x$fpl$dleqf)
    _dcmple                                  0x0800220d   Thumb Code   120  dleqf.o(x$fpl$dleqf)
    __fpl_dcmple_InfNaN                      0x0800226f   Thumb Code     0  dleqf.o(x$fpl$dleqf)
    __fpl_dnaninf                            0x08002285   Thumb Code   156  dnaninf.o(x$fpl$dnaninf)
    __fpl_dretinf                            0x08002321   Thumb Code    12  dretinf.o(x$fpl$dretinf)
    __aeabi_cdrcmple                         0x0800232d   Thumb Code     0  drleqf.o(x$fpl$drleqf)
    _drcmple                                 0x0800232d   Thumb Code   108  drleqf.o(x$fpl$drleqf)
    __aeabi_f2d                              0x08002399   Thumb Code     0  f2d.o(x$fpl$f2d)
    _f2d                                     0x08002399   Thumb Code    86  f2d.o(x$fpl$f2d)
    __aeabi_fadd                             0x080023f1   Thumb Code     0  faddsub_clz.o(x$fpl$fadd)
    _fadd                                    0x080023f1   Thumb Code   196  faddsub_clz.o(x$fpl$fadd)
    __fpl_fcheck_NaN1                        0x080024b5   Thumb Code     6  fcheck1.o(x$fpl$fcheck1)
    __fpl_fcmp_Inf                           0x080024c1   Thumb Code    24  fcmpi.o(x$fpl$fcmpinf)
    __aeabi_fdiv                             0x080024d9   Thumb Code     0  fdiv.o(x$fpl$fdiv)
    _fdiv                                    0x080024d9   Thumb Code   384  fdiv.o(x$fpl$fdiv)
    __aeabi_cfcmpeq                          0x0800265d   Thumb Code     0  feqf.o(x$fpl$feqf)
    _fcmpeq                                  0x0800265d   Thumb Code   104  feqf.o(x$fpl$feqf)
    __aeabi_f2iz                             0x080026c5   Thumb Code     0  ffix.o(x$fpl$ffix)
    _ffix                                    0x080026c5   Thumb Code    54  ffix.o(x$fpl$ffix)
    __aeabi_i2f                              0x080026fd   Thumb Code     0  fflt_clz.o(x$fpl$fflt)
    _fflt                                    0x080026fd   Thumb Code    48  fflt_clz.o(x$fpl$fflt)
    __aeabi_fmul                             0x0800272d   Thumb Code     0  fmul.o(x$fpl$fmul)
    _fmul                                    0x0800272d   Thumb Code   258  fmul.o(x$fpl$fmul)
    __fpl_fnaninf                            0x0800282f   Thumb Code   140  fnaninf.o(x$fpl$fnaninf)
    __fpl_fretinf                            0x080028bb   Thumb Code    10  fretinf.o(x$fpl$fretinf)
    __aeabi_frsub                            0x080028c5   Thumb Code     0  faddsub_clz.o(x$fpl$frsb)
    _frsb                                    0x080028c5   Thumb Code    20  faddsub_clz.o(x$fpl$frsb)
    _fsqrt                                   0x080028d9   Thumb Code   272  fsqrt.o(x$fpl$fsqrt)
    __aeabi_fsub                             0x080029e9   Thumb Code     0  faddsub_clz.o(x$fpl$fsub)
    _fsub                                    0x080029e9   Thumb Code   234  faddsub_clz.o(x$fpl$fsub)
    __fpl_return_NaN                         0x08002ad3   Thumb Code   100  retnan.o(x$fpl$retnan)
    __ARM_scalbnf                            0x08002b37   Thumb Code    76  scalbnf.o(x$fpl$scalbnf)
    __fpl_cmpreturn                          0x08002b83   Thumb Code    48  trapv.o(x$fpl$trapveneer)
    OLED_F8x16                               0x08002bb2   Data        1520  oled.o(.constdata)
    __I$use$fp                               0x08002bb2   Number         0  usenofp.o(x$fpl$usenofp)
    Region$$Table$$Base                      0x080031a4   Number         0  anon$$obj.o(Region$$Table)
    Region$$Table$$Limit                     0x080031c4   Number         0  anon$$obj.o(Region$$Table)
    beta                                     0x20000014   Data           4  madgwickahrs.o(.data)
    q0                                       0x20000018   Data           4  madgwickahrs.o(.data)
    q1                                       0x2000001c   Data           4  madgwickahrs.o(.data)
    q2                                       0x20000020   Data           4  madgwickahrs.o(.data)
    q3                                       0x20000024   Data           4  madgwickahrs.o(.data)
    gyro_offset_x                            0x20000028   Data           4  mpu6050.o(.data)
    gyro_offset_y                            0x2000002c   Data           4  mpu6050.o(.data)
    gyro_offset_z                            0x20000030   Data           4  mpu6050.o(.data)
    accel_offset_x                           0x20000034   Data           4  mpu6050.o(.data)
    accel_offset_y                           0x20000038   Data           4  mpu6050.o(.data)
    pitch                                    0x20000040   Data           4  main.o(.data)
    roll                                     0x20000044   Data           4  main.o(.data)
    yaw                                      0x20000048   Data           4  main.o(.data)
    ax                                       0x2000004c   Data           4  main.o(.data)
    ay                                       0x20000050   Data           4  main.o(.data)
    az                                       0x20000054   Data           4  main.o(.data)
    gx                                       0x20000058   Data           4  main.o(.data)
    gy                                       0x2000005c   Data           4  main.o(.data)
    gz                                       0x20000060   Data           4  main.o(.data)
    B_Link_Status                            0x20000064   Data           1  main.o(.data)
    Missed_ACK_Count                         0x20000065   Data           1  main.o(.data)
    Got_ACK_Flag                             0x20000066   Data           1  main.o(.data)
    RxBit                                    0x20000067   Data           1  main.o(.data)
    __libspace_start                         0x2000006c   Data          96  libspace.o(.bss)
    __temporary_stack_top$libspace           0x200000cc   Data           0  libspace.o(.bss)



==============================================================================

Memory Map of the image

  Image Entry point : 0x080000ed

  Load Region LR_IROM1 (Base: 0x08000000, Size: 0x00003230, Max: 0x00010000, ABSOLUTE)

    Execution Region ER_IROM1 (Exec base: 0x08000000, Load base: 0x08000000, Size: 0x000031c4, Max: 0x00010000, ABSOLUTE)

    Exec Addr    Load Addr    Size         Type   Attr      Idx    E Section Name        Object

    0x08000000   0x08000000   0x000000ec   Data   RO            3    RESET               startup_stm32f10x_md.o
    0x080000ec   0x080000ec   0x00000008   Code   RO         3755  * !!!main             c_w.l(__main.o)
    0x080000f4   0x080000f4   0x00000034   Code   RO         4187    !!!scatter          c_w.l(__scatter.o)
    0x08000128   0x08000128   0x0000001a   Code   RO         4189    !!handler_copy      c_w.l(__scatter_copy.o)
    0x08000142   0x08000142   0x00000002   PAD
    0x08000144   0x08000144   0x0000001c   Code   RO         4191    !!handler_zi        c_w.l(__scatter_zi.o)
    0x08000160   0x08000160   0x00000002   Code   RO         4047    .ARM.Collect$$libinit$$00000000  c_w.l(libinit.o)
    0x08000162   0x08000162   0x00000000   Code   RO         4062    .ARM.Collect$$libinit$$00000002  c_w.l(libinit2.o)
    0x08000162   0x08000162   0x00000000   Code   RO         4064    .ARM.Collect$$libinit$$00000004  c_w.l(libinit2.o)
    0x08000162   0x08000162   0x00000000   Code   RO         4067    .ARM.Collect$$libinit$$0000000A  c_w.l(libinit2.o)
    0x08000162   0x08000162   0x00000000   Code   RO         4069    .ARM.Collect$$libinit$$0000000C  c_w.l(libinit2.o)
    0x08000162   0x08000162   0x00000000   Code   RO         4071    .ARM.Collect$$libinit$$0000000E  c_w.l(libinit2.o)
    0x08000162   0x08000162   0x00000000   Code   RO         4074    .ARM.Collect$$libinit$$00000011  c_w.l(libinit2.o)
    0x08000162   0x08000162   0x00000000   Code   RO         4076    .ARM.Collect$$libinit$$00000013  c_w.l(libinit2.o)
    0x08000162   0x08000162   0x00000000   Code   RO         4078    .ARM.Collect$$libinit$$00000015  c_w.l(libinit2.o)
    0x08000162   0x08000162   0x00000000   Code   RO         4080    .ARM.Collect$$libinit$$00000017  c_w.l(libinit2.o)
    0x08000162   0x08000162   0x00000000   Code   RO         4082    .ARM.Collect$$libinit$$00000019  c_w.l(libinit2.o)
    0x08000162   0x08000162   0x00000000   Code   RO         4084    .ARM.Collect$$libinit$$0000001B  c_w.l(libinit2.o)
    0x08000162   0x08000162   0x00000000   Code   RO         4086    .ARM.Collect$$libinit$$0000001D  c_w.l(libinit2.o)
    0x08000162   0x08000162   0x00000000   Code   RO         4088    .ARM.Collect$$libinit$$0000001F  c_w.l(libinit2.o)
    0x08000162   0x08000162   0x00000000   Code   RO         4090    .ARM.Collect$$libinit$$00000021  c_w.l(libinit2.o)
    0x08000162   0x08000162   0x00000000   Code   RO         4092    .ARM.Collect$$libinit$$00000023  c_w.l(libinit2.o)
    0x08000162   0x08000162   0x00000000   Code   RO         4094    .ARM.Collect$$libinit$$00000025  c_w.l(libinit2.o)
    0x08000162   0x08000162   0x00000000   Code   RO         4098    .ARM.Collect$$libinit$$0000002C  c_w.l(libinit2.o)
    0x08000162   0x08000162   0x00000000   Code   RO         4100    .ARM.Collect$$libinit$$0000002E  c_w.l(libinit2.o)
    0x08000162   0x08000162   0x00000000   Code   RO         4102    .ARM.Collect$$libinit$$00000030  c_w.l(libinit2.o)
    0x08000162   0x08000162   0x00000000   Code   RO         4104    .ARM.Collect$$libinit$$00000032  c_w.l(libinit2.o)
    0x08000162   0x08000162   0x00000002   Code   RO         4105    .ARM.Collect$$libinit$$00000033  c_w.l(libinit2.o)
    0x08000164   0x08000164   0x00000002   Code   RO         4127    .ARM.Collect$$libshutdown$$00000000  c_w.l(libshutdown.o)
    0x08000166   0x08000166   0x00000000   Code   RO         4140    .ARM.Collect$$libshutdown$$00000002  c_w.l(libshutdown2.o)
    0x08000166   0x08000166   0x00000000   Code   RO         4142    .ARM.Collect$$libshutdown$$00000004  c_w.l(libshutdown2.o)
    0x08000166   0x08000166   0x00000000   Code   RO         4145    .ARM.Collect$$libshutdown$$00000007  c_w.l(libshutdown2.o)
    0x08000166   0x08000166   0x00000000   Code   RO         4148    .ARM.Collect$$libshutdown$$0000000A  c_w.l(libshutdown2.o)
    0x08000166   0x08000166   0x00000000   Code   RO         4150    .ARM.Collect$$libshutdown$$0000000C  c_w.l(libshutdown2.o)
    0x08000166   0x08000166   0x00000000   Code   RO         4153    .ARM.Collect$$libshutdown$$0000000F  c_w.l(libshutdown2.o)
    0x08000166   0x08000166   0x00000002   Code   RO         4154    .ARM.Collect$$libshutdown$$00000010  c_w.l(libshutdown2.o)
    0x08000168   0x08000168   0x00000000   Code   RO         3813    .ARM.Collect$$rtentry$$00000000  c_w.l(__rtentry.o)
    0x08000168   0x08000168   0x00000000   Code   RO         3957    .ARM.Collect$$rtentry$$00000002  c_w.l(__rtentry2.o)
    0x08000168   0x08000168   0x00000006   Code   RO         3969    .ARM.Collect$$rtentry$$00000004  c_w.l(__rtentry4.o)
    0x0800016e   0x0800016e   0x00000000   Code   RO         3959    .ARM.Collect$$rtentry$$00000009  c_w.l(__rtentry2.o)
    0x0800016e   0x0800016e   0x00000004   Code   RO         3960    .ARM.Collect$$rtentry$$0000000A  c_w.l(__rtentry2.o)
    0x08000172   0x08000172   0x00000000   Code   RO         3962    .ARM.Collect$$rtentry$$0000000C  c_w.l(__rtentry2.o)
    0x08000172   0x08000172   0x00000008   Code   RO         3963    .ARM.Collect$$rtentry$$0000000D  c_w.l(__rtentry2.o)
    0x0800017a   0x0800017a   0x00000002   Code   RO         4054    .ARM.Collect$$rtexit$$00000000  c_w.l(rtexit.o)
    0x0800017c   0x0800017c   0x00000000   Code   RO         4109    .ARM.Collect$$rtexit$$00000002  c_w.l(rtexit2.o)
    0x0800017c   0x0800017c   0x00000004   Code   RO         4110    .ARM.Collect$$rtexit$$00000003  c_w.l(rtexit2.o)
    0x08000180   0x08000180   0x00000006   Code   RO         4111    .ARM.Collect$$rtexit$$00000004  c_w.l(rtexit2.o)
    0x08000186   0x08000186   0x00000002   PAD
    0x08000188   0x08000188   0x00000040   Code   RO            4    .text               startup_stm32f10x_md.o
    0x080001c8   0x080001c8   0x00000006   Code   RO         3753    .text               c_w.l(heapauxi.o)
    0x080001ce   0x080001ce   0x00000016   Code   RO         3814    .text               c_w.l(_rserrno.o)
    0x080001e4   0x080001e4   0x00000008   Code   RO         3974    .text               c_w.l(rt_errno_addr_intlibspace.o)
    0x080001ec   0x080001ec   0x00000008   Code   RO         3998    .text               c_w.l(libspace.o)
    0x080001f4   0x080001f4   0x0000004a   Code   RO         4001    .text               c_w.l(sys_stackheap_outer.o)
    0x0800023e   0x0800023e   0x00000012   Code   RO         4040    .text               c_w.l(exit.o)
    0x08000250   0x08000250   0x0000000c   Code   RO         4119    .text               c_w.l(sys_exit.o)
    0x0800025c   0x0800025c   0x00000002   Code   RO         4130    .text               c_w.l(use_no_semi.o)
    0x0800025e   0x0800025e   0x00000000   Code   RO         4132    .text               c_w.l(indicate_semi.o)
    0x0800025e   0x0800025e   0x00000004   Code   RO         3686    i.BusFault_Handler  stm32f10x_it.o
    0x08000262   0x08000262   0x00000002   Code   RO         3687    i.DebugMon_Handler  stm32f10x_it.o
    0x08000264   0x08000264   0x00000018   Code   RO         3196    i.Delay_ms          delay.o
    0x0800027c   0x0800027c   0x0000002e   Code   RO         3198    i.Delay_us          delay.o
    0x080002aa   0x080002aa   0x00000116   Code   RO         1347    i.GPIO_Init         stm32f10x_gpio.o
    0x080003c0   0x080003c0   0x00000012   Code   RO         1351    i.GPIO_ReadInputDataBit  stm32f10x_gpio.o
    0x080003d2   0x080003d2   0x00000004   Code   RO         1355    i.GPIO_SetBits      stm32f10x_gpio.o
    0x080003d6   0x080003d6   0x0000000a   Code   RO         1358    i.GPIO_WriteBit     stm32f10x_gpio.o
    0x080003e0   0x080003e0   0x00000004   Code   RO         3688    i.HardFault_Handler  stm32f10x_it.o
    0x080003e4   0x080003e4   0x00000164   Code   RO         3509    i.MPU6050_CalibrateGyro  mpu6050.o
    0x08000548   0x08000548   0x000000c8   Code   RO         3510    i.MPU6050_GetData   mpu6050.o
    0x08000610   0x08000610   0x00000178   Code   RO         3511    i.MPU6050_GetDataScaled  mpu6050.o
    0x08000788   0x08000788   0x00000038   Code   RO         3512    i.MPU6050_Init      mpu6050.o
    0x080007c0   0x080007c0   0x0000002e   Code   RO         3514    i.MPU6050_WriteReg  mpu6050.o
    0x080007ee   0x080007ee   0x00000002   PAD
    0x080007f0   0x080007f0   0x000005ac   Code   RO         3221    i.MadgwickAHRSupdateIMU  madgwickahrs.o
    0x08000d9c   0x08000d9c   0x00000004   Code   RO         3689    i.MemManage_Handler  stm32f10x_it.o
    0x08000da0   0x08000da0   0x00000038   Code   RO         3443    i.MyI2C_Init        myi2c.o
    0x08000dd8   0x08000dd8   0x00000018   Code   RO         3444    i.MyI2C_R_SDA       myi2c.o
    0x08000df0   0x08000df0   0x0000001e   Code   RO         3445    i.MyI2C_ReceiveAck  myi2c.o
    0x08000e0e   0x08000e0e   0x00000034   Code   RO         3446    i.MyI2C_ReceiveByte  myi2c.o
    0x08000e42   0x08000e42   0x00000018   Code   RO         3447    i.MyI2C_SendACK     myi2c.o
    0x08000e5a   0x08000e5a   0x0000002a   Code   RO         3448    i.MyI2C_SendByte    myi2c.o
    0x08000e84   0x08000e84   0x0000001c   Code   RO         3449    i.MyI2C_Start       myi2c.o
    0x08000ea0   0x08000ea0   0x00000016   Code   RO         3450    i.MyI2C_Stop        myi2c.o
    0x08000eb6   0x08000eb6   0x00000002   PAD
    0x08000eb8   0x08000eb8   0x0000001c   Code   RO         3451    i.MyI2C_W_SCL       myi2c.o
    0x08000ed4   0x08000ed4   0x0000001c   Code   RO         3452    i.MyI2C_W_SDA       myi2c.o
    0x08000ef0   0x08000ef0   0x00000002   Code   RO         3690    i.NMI_Handler       stm32f10x_it.o
    0x08000ef2   0x08000ef2   0x00000002   PAD
    0x08000ef4   0x08000ef4   0x00000070   Code   RO          137    i.NVIC_Init         misc.o
    0x08000f64   0x08000f64   0x00000014   Code   RO          138    i.NVIC_PriorityGroupConfig  misc.o
    0x08000f78   0x08000f78   0x0000002a   Code   RO         3335    i.OLED_Clear        oled.o
    0x08000fa2   0x08000fa2   0x00000002   PAD
    0x08000fa4   0x08000fa4   0x00000050   Code   RO         3336    i.OLED_I2C_Init     oled.o
    0x08000ff4   0x08000ff4   0x0000005c   Code   RO         3337    i.OLED_I2C_SendByte  oled.o
    0x08001050   0x08001050   0x00000034   Code   RO         3338    i.OLED_I2C_Start    oled.o
    0x08001084   0x08001084   0x00000028   Code   RO         3339    i.OLED_I2C_Stop     oled.o
    0x080010ac   0x080010ac   0x000000ae   Code   RO         3340    i.OLED_Init         oled.o
    0x0800115a   0x0800115a   0x00000014   Code   RO         3341    i.OLED_Pow          oled.o
    0x0800116e   0x0800116e   0x00000022   Code   RO         3342    i.OLED_SetCursor    oled.o
    0x08001190   0x08001190   0x00000074   Code   RO         3344    i.OLED_ShowChar     oled.o
    0x08001204   0x08001204   0x00000044   Code   RO         3346    i.OLED_ShowNum      oled.o
    0x08001248   0x08001248   0x00000028   Code   RO         3348    i.OLED_ShowString   oled.o
    0x08001270   0x08001270   0x00000020   Code   RO         3349    i.OLED_WriteCommand  oled.o
    0x08001290   0x08001290   0x00000020   Code   RO         3350    i.OLED_WriteData    oled.o
    0x080012b0   0x080012b0   0x00000002   Code   RO         3691    i.PendSV_Handler    stm32f10x_it.o
    0x080012b2   0x080012b2   0x00000002   PAD
    0x080012b4   0x080012b4   0x00000020   Code   RO         1775    i.RCC_APB1PeriphClockCmd  stm32f10x_rcc.o
    0x080012d4   0x080012d4   0x00000020   Code   RO         1777    i.RCC_APB2PeriphClockCmd  stm32f10x_rcc.o
    0x080012f4   0x080012f4   0x000000d4   Code   RO         1785    i.RCC_GetClocksFreq  stm32f10x_rcc.o
    0x080013c8   0x080013c8   0x00000002   Code   RO         3692    i.SVC_Handler       stm32f10x_it.o
    0x080013ca   0x080013ca   0x00000002   PAD
    0x080013cc   0x080013cc   0x000000b8   Code   RO         3565    i.Serial_Init       serial.o
    0x08001484   0x08001484   0x00000020   Code   RO         3569    i.Serial_SendByte   serial.o
    0x080014a4   0x080014a4   0x00000008   Code   RO           24    i.SetSysClock       system_stm32f10x.o
    0x080014ac   0x080014ac   0x000000e0   Code   RO           25    i.SetSysClockTo72   system_stm32f10x.o
    0x0800158c   0x0800158c   0x00000002   Code   RO         3693    i.SysTick_Handler   stm32f10x_it.o
    0x0800158e   0x0800158e   0x00000002   PAD
    0x08001590   0x08001590   0x00000060   Code   RO           27    i.SystemInit        system_stm32f10x.o
    0x080015f0   0x080015f0   0x000002e8   Code   RO         3639    i.TIM2_IRQHandler   main.o
    0x080018d8   0x080018d8   0x00000006   Code   RO         2415    i.TIM_ClearFlag     stm32f10x_tim.o
    0x080018de   0x080018de   0x00000006   Code   RO         2416    i.TIM_ClearITPendingBit  stm32f10x_tim.o
    0x080018e4   0x080018e4   0x00000018   Code   RO         2421    i.TIM_Cmd           stm32f10x_tim.o
    0x080018fc   0x080018fc   0x00000022   Code   RO         2442    i.TIM_GetITStatus   stm32f10x_tim.o
    0x0800191e   0x0800191e   0x00000012   Code   RO         2446    i.TIM_ITConfig      stm32f10x_tim.o
    0x08001930   0x08001930   0x0000000c   Code   RO         2448    i.TIM_InternalClockConfig  stm32f10x_tim.o
    0x0800193c   0x0800193c   0x000000a4   Code   RO         2492    i.TIM_TimeBaseInit  stm32f10x_tim.o
    0x080019e0   0x080019e0   0x0000007c   Code   RO         3254    i.Timer_Init        timer.o
    0x08001a5c   0x08001a5c   0x00000078   Code   RO         3640    i.USART1_IRQHandler  main.o
    0x08001ad4   0x08001ad4   0x0000001e   Code   RO         2957    i.USART_ClearITPendingBit  stm32f10x_usart.o
    0x08001af2   0x08001af2   0x00000018   Code   RO         2960    i.USART_Cmd         stm32f10x_usart.o
    0x08001b0a   0x08001b0a   0x0000001a   Code   RO         2963    i.USART_GetFlagStatus  stm32f10x_usart.o
    0x08001b24   0x08001b24   0x00000054   Code   RO         2964    i.USART_GetITStatus  stm32f10x_usart.o
    0x08001b78   0x08001b78   0x0000004a   Code   RO         2966    i.USART_ITConfig    stm32f10x_usart.o
    0x08001bc2   0x08001bc2   0x00000002   PAD
    0x08001bc4   0x08001bc4   0x000000d8   Code   RO         2967    i.USART_Init        stm32f10x_usart.o
    0x08001c9c   0x08001c9c   0x0000000a   Code   RO         2974    i.USART_ReceiveData  stm32f10x_usart.o
    0x08001ca6   0x08001ca6   0x00000008   Code   RO         2977    i.USART_SendData    stm32f10x_usart.o
    0x08001cae   0x08001cae   0x00000004   Code   RO         3694    i.UsageFault_Handler  stm32f10x_it.o
    0x08001cb2   0x08001cb2   0x00000026   Code   RO         3932    i.__ARM_fpclassifyf  m_ws.l(fpclassifyf.o)
    0x08001cd8   0x08001cd8   0x00000006   Code   RO         3935    i.__mathlib_flt_infnan  m_ws.l(funder.o)
    0x08001cde   0x08001cde   0x00000004   Code   RO         3936    i.__mathlib_flt_infnan2  m_ws.l(funder.o)
    0x08001ce2   0x08001ce2   0x00000008   Code   RO         3937    i.__mathlib_flt_invalid  m_ws.l(funder.o)
    0x08001cea   0x08001cea   0x0000000a   Code   RO         3940    i.__mathlib_flt_underflow  m_ws.l(funder.o)
    0x08001cf4   0x08001cf4   0x00000124   Code   RO         3790    i.asinf             m_ws.l(asinf.o)
    0x08001e18   0x08001e18   0x0000025c   Code   RO         3798    i.atan2f            m_ws.l(atan2f.o)
    0x08002074   0x08002074   0x0000004c   Code   RO         3222    i.invSqrt           madgwickahrs.o
    0x080020c0   0x080020c0   0x00000108   Code   RO         3641    i.main              main.o
    0x080021c8   0x080021c8   0x0000002c   Code   RO         3949    i.sqrtf             m_ws.l(sqrtf.o)
    0x080021f4   0x080021f4   0x00000018   Code   RO         3907    x$fpl$dcmpinf       fz_ws.l(dcmpi.o)
    0x0800220c   0x0800220c   0x00000078   Code   RO         3759    x$fpl$dleqf         fz_ws.l(dleqf.o)
    0x08002284   0x08002284   0x0000009c   Code   RO         3909    x$fpl$dnaninf       fz_ws.l(dnaninf.o)
    0x08002320   0x08002320   0x0000000c   Code   RO         3911    x$fpl$dretinf       fz_ws.l(dretinf.o)
    0x0800232c   0x0800232c   0x0000006c   Code   RO         3761    x$fpl$drleqf        fz_ws.l(drleqf.o)
    0x08002398   0x08002398   0x00000056   Code   RO         3763    x$fpl$f2d           fz_ws.l(f2d.o)
    0x080023ee   0x080023ee   0x00000002   PAD
    0x080023f0   0x080023f0   0x000000c4   Code   RO         3765    x$fpl$fadd          fz_ws.l(faddsub_clz.o)
    0x080024b4   0x080024b4   0x0000000c   Code   RO         3994    x$fpl$fcheck1       fz_ws.l(fcheck1.o)
    0x080024c0   0x080024c0   0x00000018   Code   RO         3915    x$fpl$fcmpinf       fz_ws.l(fcmpi.o)
    0x080024d8   0x080024d8   0x00000184   Code   RO         3772    x$fpl$fdiv          fz_ws.l(fdiv.o)
    0x0800265c   0x0800265c   0x00000068   Code   RO         3775    x$fpl$feqf          fz_ws.l(feqf.o)
    0x080026c4   0x080026c4   0x00000036   Code   RO         3777    x$fpl$ffix          fz_ws.l(ffix.o)
    0x080026fa   0x080026fa   0x00000002   PAD
    0x080026fc   0x080026fc   0x00000030   Code   RO         3782    x$fpl$fflt          fz_ws.l(fflt_clz.o)
    0x0800272c   0x0800272c   0x00000102   Code   RO         3787    x$fpl$fmul          fz_ws.l(fmul.o)
    0x0800282e   0x0800282e   0x0000008c   Code   RO         3917    x$fpl$fnaninf       fz_ws.l(fnaninf.o)
    0x080028ba   0x080028ba   0x0000000a   Code   RO         3919    x$fpl$fretinf       fz_ws.l(fretinf.o)
    0x080028c4   0x080028c4   0x00000014   Code   RO         3766    x$fpl$frsb          fz_ws.l(faddsub_clz.o)
    0x080028d8   0x080028d8   0x00000110   Code   RO         3996    x$fpl$fsqrt         fz_ws.l(fsqrt.o)
    0x080029e8   0x080029e8   0x000000ea   Code   RO         3767    x$fpl$fsub          fz_ws.l(faddsub_clz.o)
    0x08002ad2   0x08002ad2   0x00000064   Code   RO         4050    x$fpl$retnan        fz_ws.l(retnan.o)
    0x08002b36   0x08002b36   0x0000004c   Code   RO         3929    x$fpl$scalbnf       fz_ws.l(scalbnf.o)
    0x08002b82   0x08002b82   0x00000030   Code   RO         4106    x$fpl$trapveneer    fz_ws.l(trapv.o)
    0x08002bb2   0x08002bb2   0x00000000   Code   RO         3931    x$fpl$usenofp       fz_ws.l(usenofp.o)
    0x08002bb2   0x08002bb2   0x000005f0   Data   RO         3351    .constdata          oled.o
    0x080031a2   0x080031a2   0x00000002   PAD
    0x080031a4   0x080031a4   0x00000020   Data   RO         4185    Region$$Table       anon$$obj.o


    Execution Region RW_IRAM1 (Exec base: 0x20000000, Load base: 0x080031c4, Size: 0x000006d0, Max: 0x00005000, ABSOLUTE)

    Exec Addr    Load Addr    Size         Type   Attr      Idx    E Section Name        Object

    0x20000000   0x080031c4   0x00000014   Data   RW         1805    .data               stm32f10x_rcc.o
    0x20000014   0x080031d8   0x00000014   Data   RW         3223    .data               madgwickahrs.o
    0x20000028   0x080031ec   0x00000015   Data   RW         3515    .data               mpu6050.o
    0x2000003d   0x08003201   0x00000003   PAD
    0x20000040   0x08003204   0x0000002b   Data   RW         3642    .data               main.o
    0x2000006b   0x0800322f   0x00000001   PAD
    0x2000006c        -       0x00000060   Zero   RW         3999    .bss                c_w.l(libspace.o)
    0x200000cc   0x0800322f   0x00000004   PAD
    0x200000d0        -       0x00000200   Zero   RW            2    HEAP                startup_stm32f10x_md.o
    0x200002d0        -       0x00000400   Zero   RW            1    STACK               startup_stm32f10x_md.o


==============================================================================

Image component sizes


      Code (inc. data)   RO Data    RW Data    ZI Data      Debug   Object Name

         0          0          0          0          0       4508   core_cm3.o
        70          0          0          0          0        898   delay.o
      1528         46          0         20          0       2669   madgwickahrs.o
      1128        222          0         43          0       2838   main.o
       132         22          0          0          0     204687   misc.o
      1034        114          0         21          0       4534   mpu6050.o
       334         20          0          0          0       4718   myi2c.o
       822         22       1520          0          0       7353   oled.o
       216         14          0          0          0       1108   serial.o
        64         26        236          0       1536        808   startup_stm32f10x_md.o
         0          0          0          0          0       1644   stm32f10x_adc.o
       310          0          0          0          0      11755   stm32f10x_gpio.o
        26          0          0          0          0       3622   stm32f10x_it.o
       276         32          0         20          0      12898   stm32f10x_rcc.o
       264         42          0          0          0      24508   stm32f10x_tim.o
       472          6          0          0          0      12347   stm32f10x_usart.o
       328         28          0          0          0      45109   system_stm32f10x.o
       124          0          0          0          0        533   timer.o

    ----------------------------------------------------------------------
      7144        594       1790        108       1536     346537   Object Totals
         0          0         32          0          0          0   (incl. Generated)
        16          0          2          4          0          0   (incl. Padding)

    ----------------------------------------------------------------------

      Code (inc. data)   RO Data    RW Data    ZI Data      Debug   Library Member Name

         8          0          0          0          0         68   __main.o
         0          0          0          0          0          0   __rtentry.o
        12          0          0          0          0          0   __rtentry2.o
         6          0          0          0          0          0   __rtentry4.o
        52          8          0          0          0          0   __scatter.o
        26          0          0          0          0          0   __scatter_copy.o
        28          0          0          0          0          0   __scatter_zi.o
        22          0          0          0          0        100   _rserrno.o
        18          0          0          0          0         80   exit.o
         6          0          0          0          0        152   heapauxi.o
         0          0          0          0          0          0   indicate_semi.o
         2          0          0          0          0          0   libinit.o
         2          0          0          0          0          0   libinit2.o
         2          0          0          0          0          0   libshutdown.o
         2          0          0          0          0          0   libshutdown2.o
         8          4          0          0         96         68   libspace.o
         8          4          0          0          0         68   rt_errno_addr_intlibspace.o
         2          0          0          0          0          0   rtexit.o
        10          0          0          0          0          0   rtexit2.o
        12          4          0          0          0         68   sys_exit.o
        74          0          0          0          0         80   sys_stackheap_outer.o
         2          0          0          0          0         68   use_no_semi.o
        24          0          0          0          0         68   dcmpi.o
       120          4          0          0          0         92   dleqf.o
       156          4          0          0          0         92   dnaninf.o
        12          0          0          0          0         68   dretinf.o
       108          0          0          0          0         80   drleqf.o
        86          4          0          0          0         84   f2d.o
       450          8          0          0          0        236   faddsub_clz.o
        12          4          0          0          0         68   fcheck1.o
        24          0          0          0          0         68   fcmpi.o
       388         76          0          0          0         96   fdiv.o
       104          4          0          0          0         84   feqf.o
        54          4          0          0          0         84   ffix.o
        48          0          0          0          0         68   fflt_clz.o
       258          4          0          0          0         84   fmul.o
       140          4          0          0          0         84   fnaninf.o
        10          0          0          0          0         68   fretinf.o
       272        100          0          0          0         88   fsqrt.o
       100          0          0          0          0         68   retnan.o
        76          0          0          0          0         68   scalbnf.o
        48          0          0          0          0         68   trapv.o
         0          0          0          0          0          0   usenofp.o
       292         38          0          0          0        120   asinf.o
       604         76          0          0          0        116   atan2f.o
        38          0          0          0          0         68   fpclassifyf.o
        28          0          0          0          0        272   funder.o
        44          0          0          0          0         80   sqrtf.o

    ----------------------------------------------------------------------
      3806        350          0          0        100       3124   Library Totals
         8          0          0          0          4          0   (incl. Padding)

    ----------------------------------------------------------------------

      Code (inc. data)   RO Data    RW Data    ZI Data      Debug   Library Name

       302         20          0          0         96        752   c_w.l
      2490        216          0          0          0       1716   fz_ws.l
      1006        114          0          0          0        656   m_ws.l

    ----------------------------------------------------------------------
      3806        350          0          0        100       3124   Library Totals

    ----------------------------------------------------------------------

==============================================================================


      Code (inc. data)   RO Data    RW Data    ZI Data      Debug   

     10950        944       1790        108       1636     344197   Grand Totals
     10950        944       1790        108       1636     344197   ELF Image Totals
     10950        944       1790        108          0          0   ROM Totals

==============================================================================

    Total RO  Size (Code + RO Data)                12740 (  12.44kB)
    Total RW  Size (RW Data + ZI Data)              1744 (   1.70kB)
    Total ROM Size (Code + RO Data + RW Data)      12848 (  12.55kB)

==============================================================================

